Archive member included to satisfy reference by file (symbol)

C:/ST/STM32CubeIDE_1.17.0/STM32CubeIDE/plugins/com.st.stm32cube.ide.mcu.externaltools.gnu-tools-for-stm32.13.3.rel1.win32_1.0.0.202411081344/tools/bin/../lib/gcc/arm-none-eabi/13.3.1/../../../../arm-none-eabi/lib/thumb/v7e-m+fp/hard\libc_nano.a(libc_a-exit.o)
                              C:/ST/STM32CubeIDE_1.17.0/STM32CubeIDE/plugins/com.st.stm32cube.ide.mcu.externaltools.gnu-tools-for-stm32.13.3.rel1.win32_1.0.0.202411081344/tools/bin/../lib/gcc/arm-none-eabi/13.3.1/../../../../arm-none-eabi/lib/thumb/v7e-m+fp/hard/crt0.o (exit)
C:/ST/STM32CubeIDE_1.17.0/STM32CubeIDE/plugins/com.st.stm32cube.ide.mcu.externaltools.gnu-tools-for-stm32.13.3.rel1.win32_1.0.0.202411081344/tools/bin/../lib/gcc/arm-none-eabi/13.3.1/../../../../arm-none-eabi/lib/thumb/v7e-m+fp/hard\libc_nano.a(libc_a-findfp.o)
                              C:/ST/STM32CubeIDE_1.17.0/STM32CubeIDE/plugins/com.st.stm32cube.ide.mcu.externaltools.gnu-tools-for-stm32.13.3.rel1.win32_1.0.0.202411081344/tools/bin/../lib/gcc/arm-none-eabi/13.3.1/../../../../arm-none-eabi/lib/thumb/v7e-m+fp/hard\libc_nano.a(libc_a-exit.o) (__stdio_exit_handler)
C:/ST/STM32CubeIDE_1.17.0/STM32CubeIDE/plugins/com.st.stm32cube.ide.mcu.externaltools.gnu-tools-for-stm32.13.3.rel1.win32_1.0.0.202411081344/tools/bin/../lib/gcc/arm-none-eabi/13.3.1/../../../../arm-none-eabi/lib/thumb/v7e-m+fp/hard\libc_nano.a(libc_a-fwalk.o)
                              C:/ST/STM32CubeIDE_1.17.0/STM32CubeIDE/plugins/com.st.stm32cube.ide.mcu.externaltools.gnu-tools-for-stm32.13.3.rel1.win32_1.0.0.202411081344/tools/bin/../lib/gcc/arm-none-eabi/13.3.1/../../../../arm-none-eabi/lib/thumb/v7e-m+fp/hard\libc_nano.a(libc_a-findfp.o) (_fwalk_sglue)
C:/ST/STM32CubeIDE_1.17.0/STM32CubeIDE/plugins/com.st.stm32cube.ide.mcu.externaltools.gnu-tools-for-stm32.13.3.rel1.win32_1.0.0.202411081344/tools/bin/../lib/gcc/arm-none-eabi/13.3.1/../../../../arm-none-eabi/lib/thumb/v7e-m+fp/hard\libc_nano.a(libc_a-stdio.o)
                              C:/ST/STM32CubeIDE_1.17.0/STM32CubeIDE/plugins/com.st.stm32cube.ide.mcu.externaltools.gnu-tools-for-stm32.13.3.rel1.win32_1.0.0.202411081344/tools/bin/../lib/gcc/arm-none-eabi/13.3.1/../../../../arm-none-eabi/lib/thumb/v7e-m+fp/hard\libc_nano.a(libc_a-findfp.o) (__sread)
C:/ST/STM32CubeIDE_1.17.0/STM32CubeIDE/plugins/com.st.stm32cube.ide.mcu.externaltools.gnu-tools-for-stm32.13.3.rel1.win32_1.0.0.202411081344/tools/bin/../lib/gcc/arm-none-eabi/13.3.1/../../../../arm-none-eabi/lib/thumb/v7e-m+fp/hard\libc_nano.a(libc_a-memset.o)
                              C:/ST/STM32CubeIDE_1.17.0/STM32CubeIDE/plugins/com.st.stm32cube.ide.mcu.externaltools.gnu-tools-for-stm32.13.3.rel1.win32_1.0.0.202411081344/tools/bin/../lib/gcc/arm-none-eabi/13.3.1/../../../../arm-none-eabi/lib/thumb/v7e-m+fp/hard/crt0.o (memset)
C:/ST/STM32CubeIDE_1.17.0/STM32CubeIDE/plugins/com.st.stm32cube.ide.mcu.externaltools.gnu-tools-for-stm32.13.3.rel1.win32_1.0.0.202411081344/tools/bin/../lib/gcc/arm-none-eabi/13.3.1/../../../../arm-none-eabi/lib/thumb/v7e-m+fp/hard\libc_nano.a(libc_a-closer.o)
                              C:/ST/STM32CubeIDE_1.17.0/STM32CubeIDE/plugins/com.st.stm32cube.ide.mcu.externaltools.gnu-tools-for-stm32.13.3.rel1.win32_1.0.0.202411081344/tools/bin/../lib/gcc/arm-none-eabi/13.3.1/../../../../arm-none-eabi/lib/thumb/v7e-m+fp/hard\libc_nano.a(libc_a-stdio.o) (_close_r)
C:/ST/STM32CubeIDE_1.17.0/STM32CubeIDE/plugins/com.st.stm32cube.ide.mcu.externaltools.gnu-tools-for-stm32.13.3.rel1.win32_1.0.0.202411081344/tools/bin/../lib/gcc/arm-none-eabi/13.3.1/../../../../arm-none-eabi/lib/thumb/v7e-m+fp/hard\libc_nano.a(libc_a-reent.o)
                              C:/ST/STM32CubeIDE_1.17.0/STM32CubeIDE/plugins/com.st.stm32cube.ide.mcu.externaltools.gnu-tools-for-stm32.13.3.rel1.win32_1.0.0.202411081344/tools/bin/../lib/gcc/arm-none-eabi/13.3.1/../../../../arm-none-eabi/lib/thumb/v7e-m+fp/hard\libc_nano.a(libc_a-closer.o) (errno)
C:/ST/STM32CubeIDE_1.17.0/STM32CubeIDE/plugins/com.st.stm32cube.ide.mcu.externaltools.gnu-tools-for-stm32.13.3.rel1.win32_1.0.0.202411081344/tools/bin/../lib/gcc/arm-none-eabi/13.3.1/../../../../arm-none-eabi/lib/thumb/v7e-m+fp/hard\libc_nano.a(libc_a-impure.o)
                              C:/ST/STM32CubeIDE_1.17.0/STM32CubeIDE/plugins/com.st.stm32cube.ide.mcu.externaltools.gnu-tools-for-stm32.13.3.rel1.win32_1.0.0.202411081344/tools/bin/../lib/gcc/arm-none-eabi/13.3.1/../../../../arm-none-eabi/lib/thumb/v7e-m+fp/hard\libc_nano.a(libc_a-reent.o) (_impure_ptr)
C:/ST/STM32CubeIDE_1.17.0/STM32CubeIDE/plugins/com.st.stm32cube.ide.mcu.externaltools.gnu-tools-for-stm32.13.3.rel1.win32_1.0.0.202411081344/tools/bin/../lib/gcc/arm-none-eabi/13.3.1/../../../../arm-none-eabi/lib/thumb/v7e-m+fp/hard\libc_nano.a(libc_a-lseekr.o)
[...]
Memory Configuration

Name             Origin             Length             Attributes
CCMRAM           0x10000000         0x00002000         xrw
RAM              0x20000000         0x0000a000         xrw
FLASH            0x08000000         0x00040000         xr
*default*        0x00000000         0xffffffff

Linker script and memory map

LOAD C:/ST/STM32CubeIDE_1.17.0/STM32CubeIDE/plugins/com.st.stm32cube.ide.mcu.externaltools.gnu-tools-for-stm32.13.3.rel1.win32_1.0.0.202411081344/tools/bin/../lib/gcc/arm-none-eabi/13.3.1/thumb/v7e-m+fp/hard/crti.o
LOAD C:/ST/STM32CubeIDE_1.17.0/STM32CubeIDE/plugins/com.st.stm32cube.ide.mcu.externaltools.gnu-tools-for-stm32.13.3.rel1.win32_1.0.0.202411081344/tools/bin/../lib/gcc/arm-none-eabi/13.3.1/thumb/v7e-m+fp/hard/crtbegin.o
LOAD C:/ST/STM32CubeIDE_1.17.0/STM32CubeIDE/plugins/com.st.stm32cube.ide.mcu.externaltools.gnu-tools-for-stm32.13.3.rel1.win32_1.0.0.202411081344/tools/bin/../lib/gcc/arm-none-eabi/13.3.1/../../../../arm-none-eabi/lib/thumb/v7e-m+fp/hard/crt0.o
LOAD ./Src/digitalio.o
LOAD ./Src/main.o
LOAD ./Src/motors.o
LOAD ./Src/serial.o
LOAD ./Src/syscalls.o
LOAD ./Src/sysmem.o
LOAD ./Src/timer.o
LOAD ./Startup/startup_stm32f303vctx.o
START GROUP
LOAD C:/ST/STM32CubeIDE_1.17.0/STM32CubeIDE/plugins/com.st.stm32cube.ide.mcu.externaltools.gnu-tools-for-stm32.13.3.rel1.win32_1.0.0.202411081344/tools/bin/../lib/gcc/arm-none-eabi/13.3.1/../../../../arm-none-eabi/lib/thumb/v7e-m+fp/hard\libc_nano.a
LOAD C:/ST/STM32CubeIDE_1.17.0/STM32CubeIDE/plugins/com.st.stm32cube.ide.mcu.externaltools.gnu-tools-for-stm32.13.3.rel1.win32_1.0.0.202411081344/tools/bin/../lib/gcc/arm-none-eabi/13.3.1/../../../../arm-none-eabi/lib/thumb/v7e-m+fp/hard\libm.a
END GROUP
START GROUP
LOAD C:/ST/STM32CubeIDE_1.17.0/STM32CubeIDE/plugins/com.st.stm32cube.ide.mcu.externaltools.gnu-tools-for-stm32.13.3.rel1.win32_1.0.0.202411081344/tools/bin/../lib/gcc/arm-none-eabi/13.3.1/thumb/v7e-m+fp/hard\libgcc.a
LOAD C:/ST/STM32CubeIDE_1.17.0/STM32CubeIDE/plugins/com.st.stm32cube.ide.mcu.externaltools.gnu-tools-for-stm32.13.3.rel1.win32_1.0.0.202411081344/tools/bin/../lib/gcc/arm-none-eabi/13.3.1/../../../../arm-none-eabi/lib/thumb/v7e-m+fp/hard\libc_nano.a
END GROUP
START GROUP
LOAD C:/ST/STM32CubeIDE_1.17.0/STM32CubeIDE/plugins/com.st.stm32cube.ide.mcu.externaltools.gnu-tools-for-stm32.13.3.rel1.win32_1.0.0.202411081344/tools/bin/../lib/gcc/arm-none-eabi/13.3.1/thumb/v7e-m+fp/hard\libgcc.a
LOAD C:/ST/STM32CubeIDE_1.17.0/STM32CubeIDE/plugins/com.st.stm32cube.ide.mcu.externaltools.gnu-tools-for-stm32.13.3.rel1.win32_1.0.0.202411081344/tools/bin/../lib/gcc/arm-none-eabi/13.3.1/../../../../arm-none-eabi/lib/thumb/v7e-m+fp/hard\libc_nano.a
LOAD C:/ST/STM32CubeIDE_1.17.0/STM32CubeIDE/plugins/com.st.stm32cube.ide.mcu.externaltools.gnu-tools-for-stm32.13.3.rel1.win32_1.0.0.202411081344/tools/bin/../lib/gcc/arm-none-eabi/13.3.1/../../../../arm-none-eabi/lib/thumb/v7e-m+fp/hard\libnosys.a
END GROUP
START GROUP
LOAD C:/ST/STM32CubeIDE_1.17.0/STM32CubeIDE/plugins/com.st.stm32cube.ide.mcu.externaltools.gnu-tools-for-stm32.13.3.rel1.win32_1.0.0.202411081344/tools/bin/../lib/gcc/arm-none-eabi/13.3.1/thumb/v7e-m+fp/hard\libgcc.a
LOAD C:/ST/STM32CubeIDE_1.17.0/STM32CubeIDE/plugins/com.st.stm32cube.ide.mcu.externaltools.gnu-tools-for-stm32.13.3.rel1.win32_1.0.0.202411081344/tools/bin/../lib/gcc/arm-none-eabi/13.3.1/../../../../arm-none-eabi/lib/thumb/v7e-m+fp/hard\libc_nano.a
LOAD C:/ST/STM32CubeIDE_1.17.0/STM32CubeIDE/plugins/com.st.stm32cube.ide.mcu.externaltools.gnu-tools-for-stm32.13.3.rel1.win32_1.0.0.202411081344/tools/bin/../lib/gcc/arm-none-eabi/13.3.1/../../../../arm-none-eabi/lib/thumb/v7e-m+fp/hard\libnosys.a
END GROUP
LOAD C:/ST/STM32CubeIDE_1.17.0/STM32CubeIDE/plugins/com.st.stm32cube.ide.mcu.externaltools.gnu-tools-for-stm32.13.3.rel1.win32_1.0.0.202411081344/tools/bin/../lib/gcc/arm-none-eabi/13.3.1/thumb/v7e-m+fp/hard/crtend.o
LOAD C:/ST/STM32CubeIDE_1.17.0/STM32CubeIDE/plugins/com.st.stm32cube.ide.mcu.externaltools.gnu-tools-for-stm32.13.3.rel1.win32_1.0.0.202411081344/tools/bin/../lib/gcc/arm-none-eabi/13.3.1/thumb/v7e-m+fp/hard/crtn.o
                0x2000a000                        _estack = (ORIGIN (RAM) + LENGTH (RAM))
                0x00000200                        _Min_Heap_Size = 0x200
                0x00000400                        _Min_Stack_Size = 0x400

.isr_vector     0x08000000      0x194
                0x08000000                        . = ALIGN (0x4)
 *(.isr_vector)
 .isr_vector    0x08000000      0x194 ./Startup/startup_stm32f303vctx.o
                0x08000000                g_pfnVectors
                0x08000194                        . = ALIGN (0x4)

.text           0x08000194      0x95c
                0x08000194                        . = ALIGN (0x4)
 *(.text)
 .text          0x08000194       0x40 C:/ST/STM32CubeIDE_1.17.0/STM32CubeIDE/plugins/com.st.stm32cube.ide.mcu.externaltools.gnu-tools-for-stm32.13.3.rel1.win32_1.0.0.202411081344/tools/bin/../lib/gcc/arm-none-eabi/13.3.1/thumb/v7e-m+fp/hard/crtbegin.o
 *(.text*)
 .text.enable_clocks
                0x080001d4       0x38 ./Src/digitalio.o
                0x080001d4                enable_clocks
 .text.initialise_board
                0x0800020c       0x34 ./Src/digitalio.o
                0x0800020c                initialise_board
 .text.main     0x08000240       0x24 ./Src/main.o
                0x08000240                main
 .text.__NVIC_EnableIRQ
                0x08000264       0x3c ./Src/serial.o
 .text.__NVIC_SetPriority
                0x080002a0       0x54 ./Src/serial.o
 .text.SerialInitialise
                0x080002f4      0x138 ./Src/serial.o
                0x080002f4                SerialInitialise
 .text.USART1_EXTI25_IRQHandler
                0x0800042c       0x44 ./Src/serial.o
                0x0800042c                USART1_EXTI25_IRQHandler
 .text.handle_key
                0x08000470       0xec ./Src/serial.o
                0x08000470                handle_key
 .text.get_last_key
                0x0800055c       0x18 ./Src/serial.o
                0x0800055c                get_last_key
 .text.__NVIC_EnableIRQ
                0x08000574       0x3c ./Src/timer.o
 .text.__NVIC_SetPriority
                0x080005b0       0x54 ./Src/timer.o
 .text.motor1_enable
                0x08000604       0x2c ./Src/timer.o
                0x08000604                motor1_enable
 .text.motor2_enable
                0x08000630       0x2c ./Src/timer.o
                0x08000630                motor2_enable
 .text.motor1_disable
                0x0800065c       0x2c ./Src/timer.o
                0x0800065c                motor1_disable
 .text.motor2_disable
                0x08000688       0x2c ./Src/timer.o
                0x08000688                motor2_disable
 .text.set_last_press_time
                0x080006b4       0x20 ./Src/timer.o
                0x080006b4                set_last_press_time
 .text.get_time
                0x080006d4       0x18 ./Src/timer.o
                0x080006d4                get_time
 .text.enable_timer3_interrupt
                0x080006ec       0x48 ./Src/timer.o
                0x080006ec                enable_timer3_interrupt
 .text.enable_timer2_interrupt
                0x08000734       0x50 ./Src/timer.o
                0x08000734                enable_timer2_interrupt
 .text.TIM3_IRQHandler
                0x08000784      0x1d4 ./Src/timer.o
                0x08000784                TIM3_IRQHandler
 .text.TIM2_IRQHandler
                0x08000958       0xe4 ./Src/timer.o
                0x08000958                TIM2_IRQHandler
 .text.Reset_Handler
                0x08000a3c       0x50 ./Startup/startup_stm32f303vctx.o
                0x08000a3c                Reset_Handler
 .text.Default_Handler
                0x08000a8c        0x2 ./Startup/startup_stm32f303vctx.o
                0x08000a8c                TIM8_TRG_COM_IRQHandler
                0x08000a8c                TIM8_CC_IRQHandler
                0x08000a8c                DebugMon_Handler
                0x08000a8c                DMA1_CH4_IRQHandler
                0x08000a8c                SPI4_IRQHandler
                0x08000a8c                TIM1_CC_IRQHandler
                0x08000a8c                HardFault_Handler
                0x08000a8c                USB_HP_IRQHandler
                0x08000a8c                I2C2_EV_EXTI24_IRQHandler
                0x08000a8c                SysTick_Handler
                0x08000a8c                USB_WKUP_EXTI_IRQHandler
                0x08000a8c                PVD_IRQHandler
                0x08000a8c                UART4_EXTI34_IRQHandler
                0x08000a8c                TAMP_STAMP_IRQHandler
                0x08000a8c                PendSV_Handler
                0x08000a8c                NMI_Handler
                0x08000a8c                EXTI3_IRQHandler
                0x08000a8c                I2C3_ER_IRQHandler
                0x08000a8c                TIM6_DACUNDER_IRQHandler
                0x08000a8c                USB_HP_CAN_TX_IRQHandler
                0x08000a8c                EXTI0_IRQHandler
                0x08000a8c                DMA2_CH1_IRQHandler
                0x08000a8c                TIM1_UP_TIM16_IRQHandler
                0x08000a8c                UsageFault_Handler
                0x08000a8c                ADC1_2_IRQHandler
                0x08000a8c                SPI1_IRQHandler
                0x08000a8c                CAN_SCE_IRQHandler
                0x08000a8c                DMA1_CH7_IRQHandler
                0x08000a8c                TIM8_UP_IRQHandler
                0x08000a8c                COMP456_IRQHandler
                0x08000a8c                DMA1_CH6_IRQHandler
                0x08000a8c                TIM20_TRG_COM_IRQHandler
                0x08000a8c                ADC3_IRQHandler
                0x08000a8c                TIM4_IRQHandler
                0x08000a8c                CAN_RX1_IRQHandler
                0x08000a8c                DMA2_CH5_IRQHandler
                0x08000a8c                I2C1_EV_EXTI23_IRQHandler
                0x08000a8c                DMA1_CH3_IRQHandler
                0x08000a8c                RCC_IRQHandler
                0x08000a8c                TIM20_UP_IRQHandler
                0x08000a8c                Default_Handler
                0x08000a8c                EXTI15_10_IRQHandler
                0x08000a8c                USART2_EXTI26_IRQHandler
                0x08000a8c                USART3_EXTI28_IRQHandler
                0x08000a8c                TIM7_IRQHandler
                0x08000a8c                I2C3_EV_IRQHandler
                0x08000a8c                EXTI9_5_IRQHandler
                0x08000a8c                DMA1_CH2_IRQHandler
                0x08000a8c                RTC_WKUP_IRQHandler
                0x08000a8c                SPI2_IRQHandler
                0x08000a8c                DMA1_CH1_IRQHandler
                0x08000a8c                USB_LP_CAN_RX0_IRQHandler
                0x08000a8c                MemManage_Handler
                0x08000a8c                COMP123_IRQHandler
                0x08000a8c                SVC_Handler
                0x08000a8c                USB_LP_IRQHandler
                0x08000a8c                EXTI4_IRQHandler
                0x08000a8c                TIM1_TRG_COM_TIM17_IRQHandler
                0x08000a8c                ADC4_IRQHandler
                0x08000a8c                WWDG_IRQHandler
                0x08000a8c                COMP7_IRQHandler
                0x08000a8c                EXTI1_IRQHandler
                0x08000a8c                RTCAlarm_IRQHandler
                0x08000a8c                UART5_EXTI35_IRQHandler
                0x08000a8c                TIM20_BRK_IRQHandler
                0x08000a8c                I2C2_ER_IRQHandler
                0x08000a8c                TIM8_BRK_IRQHandler
                0x08000a8c                FLASH_IRQHandler
                0x08000a8c                TIM20_CC_IRQHandler
                0x08000a8c                BusFault_Handler
                0x08000a8c                SPI3_IRQHandler
                0x08000a8c                DMA2_CH3_IRQHandler
                0x08000a8c                DMA2_CH2_IRQHandler
                0x08000a8c                I2C1_ER_IRQHandler
                0x08000a8c                FMC_IRQHandler
                0x08000a8c                DMA1_CH5_IRQHandler
                0x08000a8c                DMA2_CH4_IRQHandler
                0x08000a8c                USB_WKUP_IRQHandler
                0x08000a8c                EXTI2_TSC_IRQHandler
                0x08000a8c                TIM1_BRK_TIM15_IRQHandler
 *fill*         0x08000a8e        0x2 
 .text.__libc_init_array
                0x08000a90       0x48 C:/ST/STM32CubeIDE_1.17.0/STM32CubeIDE/plugins/com.st.stm32cube.ide.mcu.externaltools.gnu-tools-for-stm32.13.3.rel1.win32_1.0.0.202411081344/tools/bin/../lib/gcc/arm-none-eabi/13.3.1/../../../../arm-none-eabi/lib/thumb/v7e-m+fp/hard\libc_nano.a(libc_a-init.o)
                0x08000a90                __libc_init_array
 *(.glue_7)
 .glue_7        0x08000ad8        0x0 linker stubs
 *(.glue_7t)
 .glue_7t       0x08000ad8        0x0 linker stubs
 *(.eh_frame)
 .eh_frame      0x08000ad8        0x0 C:/ST/STM32CubeIDE_1.17.0/STM32CubeIDE/plugins/com.st.stm32cube.ide.mcu.externaltools.gnu-tools-for-stm32.13.3.rel1.win32_1.0.0.202411081344/tools/bin/../lib/gcc/arm-none-eabi/13.3.1/thumb/v7e-m+fp/hard/crtbegin.o
 *(.init)
 .init          0x08000ad8        0x4 C:/ST/STM32CubeIDE_1.17.0/STM32CubeIDE/plugins/com.st.stm32cube.ide.mcu.externaltools.gnu-tools-for-stm32.13.3.rel1.win32_1.0.0.202411081344/tools/bin/../lib/gcc/arm-none-eabi/13.3.1/thumb/v7e-m+fp/hard/crti.o
                0x08000ad8                _init
 .init          0x08000adc        0x8 C:/ST/STM32CubeIDE_1.17.0/STM32CubeIDE/plugins/com.st.stm32cube.ide.mcu.externaltools.gnu-tools-for-stm32.13.3.rel1.win32_1.0.0.202411081344/tools/bin/../lib/gcc/arm-none-eabi/13.3.1/thumb/v7e-m+fp/hard/crtn.o
 *(.fini)
 .fini          0x08000ae4        0x4 C:/ST/STM32CubeIDE_1.17.0/STM32CubeIDE/plugins/com.st.stm32cube.ide.mcu.externaltools.gnu-tools-for-stm32.13.3.rel1.win32_1.0.0.202411081344/tools/bin/../lib/gcc/arm-none-eabi/13.3.1/thumb/v7e-m+fp/hard/crti.o
                0x08000ae4                _fini
 .fini          0x08000ae8        0x8 C:/ST/STM32CubeIDE_1.17.0/STM32CubeIDE/plugins/com.st.stm32cube.ide.mcu.externaltools.gnu-tools-for-stm32.13.3.rel1.win32_1.0.0.202411081344/tools/bin/../lib/gcc/arm-none-eabi/13.3.1/thumb/v7e-m+fp/hard/crtn.o
                0x08000af0                        . = ALIGN (0x4)
                0x08000af0                        _etext = .

.vfp11_veneer   0x08000af0        0x0
 .vfp11_veneer  0x08000af0        0x0 linker stubs

.v4_bx          0x08000af0        0x0
 .v4_bx         0x08000af0        0x0 linker stubs

.iplt           0x08000af0        0x0
 .iplt          0x08000af0        0x0 C:/ST/STM32CubeIDE_1.17.0/STM32CubeIDE/plugins/com.st.stm32cube.ide.mcu.externaltools.gnu-tools-for-stm32.13.3.rel1.win32_1.0.0.202411081344/tools/bin/../lib/gcc/arm-none-eabi/13.3.1/thumb/v7e-m+fp/hard/crtbegin.o

.rodata         0x08000af0       0x10
                0x08000af0                        . = ALIGN (0x4)
 *(.rodata)
 *(.rodata*)
 .rodata.full_step_sequence
                0x08000af0       0x10 ./Src/timer.o
                0x08000af0                full_step_sequence
                0x08000b00                        . = ALIGN (0x4)

.ARM.extab      0x08000b00        0x0
                0x08000b00                        . = ALIGN (0x4)
 *(.ARM.extab* .gnu.linkonce.armextab.*)
                0x08000b00                        . = ALIGN (0x4)

.ARM            0x08000b00        0x0
                0x08000b00                        . = ALIGN (0x4)
                0x08000b00                        __exidx_start = .
 *(.ARM.exidx*)
                0x08000b00                        __exidx_end = .
                0x08000b00                        . = ALIGN (0x4)

.preinit_array  0x08000b00        0x0
                0x08000b00                        . = ALIGN (0x4)
                0x08000b00                        PROVIDE (__preinit_array_start = .)
 *(.preinit_array*)
                0x08000b00                        PROVIDE (__preinit_array_end = .)
                0x08000b00                        . = ALIGN (0x4)

.init_array     0x08000b00        0x4
                0x08000b00                        . = ALIGN (0x4)
                0x08000b00                        PROVIDE (__init_array_start = .)
 *(SORT_BY_NAME(.init_array.*))
 *(.init_array*)
 .init_array    0x08000b00        0x4 C:/ST/STM32CubeIDE_1.17.0/STM32CubeIDE/plugins/com.st.stm32cube.ide.mcu.externaltools.gnu-tools-for-stm32.13.3.rel1.win32_1.0.0.202411081344/tools/bin/../lib/gcc/arm-none-eabi/13.3.1/thumb/v7e-m+fp/hard/crtbegin.o
                0x08000b04                        PROVIDE (__init_array_end = .)
                0x08000b04                        . = ALIGN (0x4)

.fini_array     0x08000b04        0x4
                0x08000b04                        . = ALIGN (0x4)
                [!provide]                        PROVIDE (__fini_array_start = .)
 *(SORT_BY_NAME(.fini_array.*))
 *(.fini_array*)
 .fini_array    0x08000b04        0x4 C:/ST/STM32CubeIDE_1.17.0/STM32CubeIDE/plugins/com.st.stm32cube.ide.mcu.externaltools.gnu-tools-for-stm32.13.3.rel1.win32_1.0.0.202411081344/tools/bin/../lib/gcc/arm-none-eabi/13.3.1/thumb/v7e-m+fp/hard/crtbegin.o
                [!provide]                        PROVIDE (__fini_array_end = .)
                0x08000b08                        . = ALIGN (0x4)
                0x08000b08                        _sidata = LOADADDR (.data)

.rel.dyn        0x08000b08        0x0
 .rel.iplt      0x08000b08        0x0 C:/ST/STM32CubeIDE_1.17.0/STM32CubeIDE/plugins/com.st.stm32cube.ide.mcu.externaltools.gnu-tools-for-stm32.13.3.rel1.win32_1.0.0.202411081344/tools/bin/../lib/gcc/arm-none-eabi/13.3.1/thumb/v7e-m+fp/hard/crtbegin.o

.data           0x20000000       0x2c load address 0x08000b08
                0x20000000                        . = ALIGN (0x4)
                0x20000000                        _sdata = .
 *(.data)
 *(.data*)
 .data.USART1_PORT
                0x20000000       0x28 ./Src/serial.o
                0x20000000                USART1_PORT
 .data.motor1_dir
                0x20000028        0x1 ./Src/timer.o
 .data.motor2_dir
                0x20000029        0x1 ./Src/timer.o
 *(.RamFunc)
 *(.RamFunc*)
                0x2000002c                        . = ALIGN (0x4)
 *fill*         0x2000002a        0x2 
                0x2000002c                        _edata = .
                0x08000b34                        _siccmram = LOADADDR (.ccmram)

.igot.plt       0x2000002c        0x0 load address 0x08000b34
 .igot.plt      0x2000002c        0x0 C:/ST/STM32CubeIDE_1.17.0/STM32CubeIDE/plugins/com.st.stm32cube.ide.mcu.externaltools.gnu-tools-for-stm32.13.3.rel1.win32_1.0.0.202411081344/tools/bin/../lib/gcc/arm-none-eabi/13.3.1/thumb/v7e-m+fp/hard/crtbegin.o

.ccmram         0x10000000        0x0 load address 0x08000b34
                0x10000000                        . = ALIGN (0x4)
                0x10000000                        _sccmram = .
 *(.ccmram)
 *(.ccmram*)
                0x10000000                        . = ALIGN (0x4)
                0x10000000                        _eccmram = .
                0x10000000                        . = ALIGN (0x4)

.bss            0x2000002c       0x2c
                0x2000002c                        _sbss = .
                0x2000002c                        __bss_start__ = _sbss
 *(.bss)
 .bss           0x2000002c       0x1c C:/ST/STM32CubeIDE_1.17.0/STM32CubeIDE/plugins/com.st.stm32cube.ide.mcu.externaltools.gnu-tools-for-stm32.13.3.rel1.win32_1.0.0.202411081344/tools/bin/../lib/gcc/arm-none-eabi/13.3.1/thumb/v7e-m+fp/hard/crtbegin.o
 *(.bss*)
 .bss.last_key  0x20000048        0x1 ./Src/serial.o
                0x20000048                last_key
 .bss.motor1_running
                0x20000049        0x1 ./Src/timer.o
 .bss.motor1_step_index
                0x2000004a        0x1 ./Src/timer.o
 .bss.motor2_running
                0x2000004b        0x1 ./Src/timer.o
 .bss.motor2_step_index
                0x2000004c        0x1 ./Src/timer.o
 *fill*         0x2000004d        0x3 
 .bss.last_press_time
                0x20000050        0x4 ./Src/timer.o
 .bss.ms_timer  0x20000054        0x4 ./Src/timer.o
 *(COMMON)
                0x20000058                        . = ALIGN (0x4)
                0x20000058                        _ebss = .
                0x20000058                        __bss_end__ = _ebss

._user_heap_stack
                0x20000058      0x600
                0x20000058                        . = ALIGN (0x8)
                [!provide]                        PROVIDE (end = .)
                0x20000058                        PROVIDE (_end = .)
                0x20000258                        . = (. + _Min_Heap_Size)
 *fill*         0x20000058      0x200 
                0x20000658                        . = (. + _Min_Stack_Size)
 *fill*         0x20000258      0x400 
                0x20000658                        . = ALIGN (0x8)

/DISCARD/
 libc.a(*)
 libm.a(*)
 libgcc.a(*)

.ARM.attributes
                0x00000000       0x30
 *(.ARM.attributes)
 .ARM.attributes
                0x00000000       0x22 C:/ST/STM32CubeIDE_1.17.0/STM32CubeIDE/plugins/com.st.stm32cube.ide.mcu.externaltools.gnu-tools-for-stm32.13.3.rel1.win32_1.0.0.202411081344/tools/bin/../lib/gcc/arm-none-eabi/13.3.1/thumb/v7e-m+fp/hard/crti.o
 .ARM.attributes
                0x00000022       0x34 C:/ST/STM32CubeIDE_1.17.0/STM32CubeIDE/plugins/com.st.stm32cube.ide.mcu.externaltools.gnu-tools-for-stm32.13.3.rel1.win32_1.0.0.202411081344/tools/bin/../lib/gcc/arm-none-eabi/13.3.1/thumb/v7e-m+fp/hard/crtbegin.o
 .ARM.attributes
                0x00000056       0x34 ./Src/digitalio.o
 .ARM.attributes
                0x0000008a       0x34 ./Src/main.o
 .ARM.attributes
                0x000000be       0x34 ./Src/serial.o
 .ARM.attributes
                0x000000f2       0x34 ./Src/timer.o
 .ARM.attributes
                0x00000126       0x21 ./Startup/startup_stm32f303vctx.o
 .ARM.attributes
                0x00000147       0x34 C:/ST/STM32CubeIDE_1.17.0/STM32CubeIDE/plugins/com.st.stm32cube.ide.mcu.externaltools.gnu-tools-for-stm32.13.3.rel1.win32_1.0.0.202411081344/tools/bin/../lib/gcc/arm-none-eabi/13.3.1/../../../../arm-none-eabi/lib/thumb/v7e-m+fp/hard\libc_nano.a(libc_a-init.o)
 .ARM.attributes
                0x0000017b       0x22 C:/ST/STM32CubeIDE_1.17.0/STM32CubeIDE/plugins/com.st.stm32cube.ide.mcu.externaltools.gnu-tools-for-stm32.13.3.rel1.win32_1.0.0.202411081344/tools/bin/../lib/gcc/arm-none-eabi/13.3.1/thumb/v7e-m+fp/hard/crtn.o
OUTPUT(stepper-control-l298n.elf elf32-littlearm)
LOAD linker stubs
LOAD C:/ST/STM32CubeIDE_1.17.0/STM32CubeIDE/plugins/com.st.stm32cube.ide.mcu.externaltools.gnu-tools-for-stm32.13.3.rel1.win32_1.0.0.202411081344/tools/bin/../lib/gcc/arm-none-eabi/13.3.1/../../../../arm-none-eabi/lib/thumb/v7e-m+fp/hard\libc.a
LOAD C:/ST/STM32CubeIDE_1.17.0/STM32CubeIDE/plugins/com.st.stm32cube.ide.mcu.externaltools.gnu-tools-for-stm32.13.3.rel1.win32_1.0.0.202411081344/tools/bin/../lib/gcc/arm-none-eabi/13.3.1/../../../../arm-none-eabi/lib/thumb/v7e-m+fp/hard\libm.a
LOAD C:/ST/STM32CubeIDE_1.17.0/STM32CubeIDE/plugins/com.st.stm32cube.ide.mcu.externaltools.gnu-tools-for-stm32.13.3.rel1.win32_1.0.0.202411081344/tools/bin/../lib/gcc/arm-none-eabi/13.3.1/thumb/v7e-m+fp/hard\libgcc.a

.debug_info     0x00000000     0x1a9b
 .debug_info    0x00000000      0x24f ./Src/digitalio.o
 .debug_info    0x0000024f      0x333 ./Src/main.o
 .debug_info    0x00000582      0xa99 ./Src/serial.o
 .debug_info    0x0000101b      0xa50 ./Src/timer.o
 .debug_info    0x00001a6b       0x30 ./Startup/startup_stm32f303vctx.o

.debug_abbrev   0x00000000      0x6e6
 .debug_abbrev  0x00000000       0xeb ./Src/digitalio.o
 .debug_abbrev  0x000000eb      0x140 ./Src/main.o
 .debug_abbrev  0x0000022b      0x25a ./Src/serial.o
 .debug_abbrev  0x00000485      0x23d ./Src/timer.o
 .debug_abbrev  0x000006c2       0x24 ./Startup/startup_stm32f303vctx.o

.debug_aranges  0x00000000      0x130
 .debug_aranges
                0x00000000       0x28 ./Src/digitalio.o
 .debug_aranges
                0x00000028       0x20 ./Src/main.o
 .debug_aranges
                0x00000048       0x48 ./Src/serial.o
 .debug_aranges
                0x00000090       0x78 ./Src/timer.o
 .debug_aranges
                0x00000108       0x28 ./Startup/startup_stm32f303vctx.o

.debug_rnglists
                0x00000000       0xcf
 .debug_rnglists
                0x00000000       0x19 ./Src/digitalio.o
 .debug_rnglists
                0x00000019       0x13 ./Src/main.o
 .debug_rnglists
                0x0000002c       0x33 ./Src/serial.o
 .debug_rnglists
                0x0000005f       0x57 ./Src/timer.o
 .debug_rnglists
                0x000000b6       0x19 ./Startup/startup_stm32f303vctx.o

.debug_macro    0x00000000    0x1630a
 .debug_macro   0x00000000      0x1d7 ./Src/digitalio.o
 .debug_macro   0x000001d7      0xae4 ./Src/digitalio.o
 .debug_macro   0x00000cbb       0x22 ./Src/digitalio.o
 .debug_macro   0x00000cdd       0x8e ./Src/digitalio.o
 .debug_macro   0x00000d6b       0x51 ./Src/digitalio.o
 .debug_macro   0x00000dbc      0x103 ./Src/digitalio.o
 .debug_macro   0x00000ebf       0x6a ./Src/digitalio.o
 .debug_macro   0x00000f29      0x1df ./Src/digitalio.o
 .debug_macro   0x00001108       0x2a ./Src/digitalio.o
 .debug_macro   0x00001132       0x61 ./Src/digitalio.o
 .debug_macro   0x00001193       0x43 ./Src/digitalio.o
 .debug_macro   0x000011d6       0x34 ./Src/digitalio.o
 .debug_macro   0x0000120a       0x16 ./Src/digitalio.o
 .debug_macro   0x00001220      0x11c ./Src/digitalio.o
 .debug_macro   0x0000133c       0x9b ./Src/digitalio.o
 .debug_macro   0x000013d7      0x370 ./Src/digitalio.o
 .debug_macro   0x00001747       0x16 ./Src/digitalio.o
 .debug_macro   0x0000175d       0x4a ./Src/digitalio.o
 .debug_macro   0x000017a7       0x34 ./Src/digitalio.o
 .debug_macro   0x000017db       0x10 ./Src/digitalio.o
 .debug_macro   0x000017eb       0x58 ./Src/digitalio.o
 .debug_macro   0x00001843       0x8e ./Src/digitalio.o
 .debug_macro   0x000018d1       0x1c ./Src/digitalio.o
 .debug_macro   0x000018ed      0x185 ./Src/digitalio.o
 .debug_macro   0x00001a72       0x16 ./Src/digitalio.o
 .debug_macro   0x00001a88       0x29 ./Src/digitalio.o
 .debug_macro   0x00001ab1       0x1c ./Src/digitalio.o
 .debug_macro   0x00001acd       0x3c ./Src/digitalio.o
 .debug_macro   0x00001b09       0x10 ./Src/digitalio.o
 .debug_macro   0x00001b19       0x1c ./Src/digitalio.o
 .debug_macro   0x00001b35       0x16 ./Src/digitalio.o
 .debug_macro   0x00001b4b      0x146 ./Src/digitalio.o
 .debug_macro   0x00001c91       0x22 ./Src/digitalio.o
 .debug_macro   0x00001cb3       0x28 ./Src/digitalio.o
 .debug_macro   0x00001cdb       0x1c ./Src/digitalio.o
 .debug_macro   0x00001cf7       0x22 ./Src/digitalio.o
 .debug_macro   0x00001d19       0xd9 ./Src/digitalio.o
 .debug_macro   0x00001df2     0x102d ./Src/digitalio.o
 .debug_macro   0x00002e1f      0x11f ./Src/digitalio.o
 .debug_macro   0x00002f3e    0x12a3a ./Src/digitalio.o
 .debug_macro   0x00015978      0x23a ./Src/main.o
 .debug_macro   0x00015bb2       0x5b ./Src/main.o
 .debug_macro   0x00015c0d       0x94 ./Src/main.o
 .debug_macro   0x00015ca1       0x16 ./Src/main.o
 .debug_macro   0x00015cb7       0x57 ./Src/main.o
 .debug_macro   0x00015d0e       0x9e ./Src/main.o
 .debug_macro   0x00015dac      0x112 ./Src/main.o
 .debug_macro   0x00015ebe       0x16 ./Src/main.o
 .debug_macro   0x00015ed4       0x16 ./Src/main.o
 .debug_macro   0x00015eea       0x20 ./Src/main.o
 .debug_macro   0x00015f0a       0x10 ./Src/main.o
 .debug_macro   0x00015f1a      0x1f8 ./Src/serial.o
 .debug_macro   0x00016112      0x1f8 ./Src/timer.o

.debug_line     0x00000000     0x1ec9
 .debug_line    0x00000000      0x654 ./Src/digitalio.o
 .debug_line    0x00000654      0x679 ./Src/main.o
 .debug_line    0x00000ccd      0x7f7 ./Src/serial.o
 .debug_line    0x000014c4      0x98a ./Src/timer.o
 .debug_line    0x00001e4e       0x7b ./Startup/startup_stm32f303vctx.o

.debug_str      0x00000000    0x7663d
 .debug_str     0x00000000    0x7663d ./Src/digitalio.o
                              0x76023 (size before relaxing)
 .debug_str     0x0007663d    0x761a1 ./Src/main.o
 .debug_str     0x0007663d    0x76735 ./Src/serial.o
 .debug_str     0x0007663d    0x766ad ./Src/timer.o
 .debug_str     0x0007663d       0xad ./Startup/startup_stm32f303vctx.o

.comment        0x00000000       0x43
 .comment       0x00000000       0x43 ./Src/digitalio.o
                                 0x44 (size before relaxing)
 .comment       0x00000043       0x44 ./Src/main.o
 .comment       0x00000043       0x44 ./Src/serial.o
 .comment       0x00000043       0x44 ./Src/timer.o

.debug_frame    0x00000000      0x358
 .debug_frame   0x00000000       0x58 ./Src/digitalio.o
 .debug_frame   0x00000058       0x2c ./Src/main.o
 .debug_frame   0x00000084       0xec ./Src/serial.o
 .debug_frame   0x00000170      0x1bc ./Src/timer.o
 .debug_frame   0x0000032c       0x2c C:/ST/STM32CubeIDE_1.17.0/STM32CubeIDE/plugins/com.st.stm32cube.ide.mcu.externaltools.gnu-tools-for-stm32.13.3.rel1.win32_1.0.0.202411081344/tools/bin/../lib/gcc/arm-none-eabi/13.3.1/../../../../arm-none-eabi/lib/thumb/v7e-m+fp/hard\libc_nano.a(libc_a-init.o)

.debug_line_str
                0x00000000       0x91
 .debug_line_str
                0x00000000       0x91 ./Startup/startup_stm32f303vctx.o
