Archive member included to satisfy reference by file (symbol)

C:/ST/STM32CubeIDE_1.17.0/STM32CubeIDE/plugins/com.st.stm32cube.ide.mcu.externaltools.gnu-tools-for-stm32.13.3.rel1.win32_1.0.0.202411081344/tools/bin/../lib/gcc/arm-none-eabi/13.3.1/../../../../arm-none-eabi/lib/thumb/v7e-m+fp/hard\libc_nano.a(libc_a-exit.o)
                              C:/ST/STM32CubeIDE_1.17.0/STM32CubeIDE/plugins/com.st.stm32cube.ide.mcu.externaltools.gnu-tools-for-stm32.13.3.rel1.win32_1.0.0.202411081344/tools/bin/../lib/gcc/arm-none-eabi/13.3.1/../../../../arm-none-eabi/lib/thumb/v7e-m+fp/hard/crt0.o (exit)
C:/ST/STM32CubeIDE_1.17.0/STM32CubeIDE/plugins/com.st.stm32cube.ide.mcu.externaltools.gnu-tools-for-stm32.13.3.rel1.win32_1.0.0.202411081344/tools/bin/../lib/gcc/arm-none-eabi/13.3.1/../../../../arm-none-eabi/lib/thumb/v7e-m+fp/hard\libc_nano.a(libc_a-findfp.o)
                              C:/ST/STM32CubeIDE_1.17.0/STM32CubeIDE/plugins/com.st.stm32cube.ide.mcu.externaltools.gnu-tools-for-stm32.13.3.rel1.win32_1.0.0.202411081344/tools/bin/../lib/gcc/arm-none-eabi/13.3.1/../../../../arm-none-eabi/lib/thumb/v7e-m+fp/hard\libc_nano.a(libc_a-exit.o) (__stdio_exit_handler)
C:/ST/STM32CubeIDE_1.17.0/STM32CubeIDE/plugins/com.st.stm32cube.ide.mcu.externaltools.gnu-tools-for-stm32.13.3.rel1.win32_1.0.0.202411081344/tools/bin/../lib/gcc/arm-none-eabi/13.3.1/../../../../arm-none-eabi/lib/thumb/v7e-m+fp/hard\libc_nano.a(libc_a-fwalk.o)
                              C:/ST/STM32CubeIDE_1.17.0/STM32CubeIDE/plugins/com.st.stm32cube.ide.mcu.externaltools.gnu-tools-for-stm32.13.3.rel1.win32_1.0.0.202411081344/tools/bin/../lib/gcc/arm-none-eabi/13.3.1/../../../../arm-none-eabi/lib/thumb/v7e-m+fp/hard\libc_nano.a(libc_a-findfp.o) (_fwalk_sglue)
C:/ST/STM32CubeIDE_1.17.0/STM32CubeIDE/plugins/com.st.stm32cube.ide.mcu.externaltools.gnu-tools-for-stm32.13.3.rel1.win32_1.0.0.202411081344/tools/bin/../lib/gcc/arm-none-eabi/13.3.1/../../../../arm-none-eabi/lib/thumb/v7e-m+fp/hard\libc_nano.a(libc_a-stdio.o)
                              C:/ST/STM32CubeIDE_1.17.0/STM32CubeIDE/plugins/com.st.stm32cube.ide.mcu.externaltools.gnu-tools-for-stm32.13.3.rel1.win32_1.0.0.202411081344/tools/bin/../lib/gcc/arm-none-eabi/13.3.1/../../../../arm-none-eabi/lib/thumb/v7e-m+fp/hard\libc_nano.a(libc_a-findfp.o) (__sread)
C:/ST/STM32CubeIDE_1.17.0/STM32CubeIDE/plugins/com.st.stm32cube.ide.mcu.externaltools.gnu-tools-for-stm32.13.3.rel1.win32_1.0.0.202411081344/tools/bin/../lib/gcc/arm-none-eabi/13.3.1/../../../../arm-none-eabi/lib/thumb/v7e-m+fp/hard\libc_nano.a(libc_a-memset.o)
                              C:/ST/STM32CubeIDE_1.17.0/STM32CubeIDE/plugins/com.st.stm32cube.ide.mcu.externaltools.gnu-tools-for-stm32.13.3.rel1.win32_1.0.0.202411081344/tools/bin/../lib/gcc/arm-none-eabi/13.3.1/../../../../arm-none-eabi/lib/thumb/v7e-m+fp/hard/crt0.o (memset)
C:/ST/STM32CubeIDE_1.17.0/STM32CubeIDE/plugins/com.st.stm32cube.ide.mcu.externaltools.gnu-tools-for-stm32.13.3.rel1.win32_1.0.0.202411081344/tools/bin/../lib/gcc/arm-none-eabi/13.3.1/../../../../arm-none-eabi/lib/thumb/v7e-m+fp/hard\libc_nano.a(libc_a-closer.o)
                              C:/ST/STM32CubeIDE_1.17.0/STM32CubeIDE/plugins/com.st.stm32cube.ide.mcu.externaltools.gnu-tools-for-stm32.13.3.rel1.win32_1.0.0.202411081344/tools/bin/../lib/gcc/arm-none-eabi/13.3.1/../../../../arm-none-eabi/lib/thumb/v7e-m+fp/hard\libc_nano.a(libc_a-stdio.o) (_close_r)
C:/ST/STM32CubeIDE_1.17.0/STM32CubeIDE/plugins/com.st.stm32cube.ide.mcu.externaltools.gnu-tools-for-stm32.13.3.rel1.win32_1.0.0.202411081344/tools/bin/../lib/gcc/arm-none-eabi/13.3.1/../../../../arm-none-eabi/lib/thumb/v7e-m+fp/hard\libc_nano.a(libc_a-reent.o)
                              C:/ST/STM32CubeIDE_1.17.0/STM32CubeIDE/plugins/com.st.stm32cube.ide.mcu.externaltools.gnu-tools-for-stm32.13.3.rel1.win32_1.0.0.202411081344/tools/bin/../lib/gcc/arm-none-eabi/13.3.1/../../../../arm-none-eabi/lib/thumb/v7e-m+fp/hard\libc_nano.a(libc_a-closer.o) (errno)
C:/ST/STM32CubeIDE_1.17.0/STM32CubeIDE/plugins/com.st.stm32cube.ide.mcu.externaltools.gnu-tools-for-stm32.13.3.rel1.win32_1.0.0.202411081344/tools/bin/../lib/gcc/arm-none-eabi/13.3.1/../../../../arm-none-eabi/lib/thumb/v7e-m+fp/hard\libc_nano.a(libc_a-impure.o)
                              C:/ST/STM32CubeIDE_1.17.0/STM32CubeIDE/plugins/com.st.stm32cube.ide.mcu.externaltools.gnu-tools-for-stm32.13.3.rel1.win32_1.0.0.202411081344/tools/bin/../lib/gcc/arm-none-eabi/13.3.1/../../../../arm-none-eabi/lib/thumb/v7e-m+fp/hard\libc_nano.a(libc_a-reent.o) (_impure_ptr)
C:/ST/STM32CubeIDE_1.17.0/STM32CubeIDE/plugins/com.st.stm32cube.ide.mcu.externaltools.gnu-tools-for-stm32.13.3.rel1.win32_1.0.0.202411081344/tools/bin/../lib/gcc/arm-none-eabi/13.3.1/../../../../arm-none-eabi/lib/thumb/v7e-m+fp/hard\libc_nano.a(libc_a-lseekr.o)
[...]
Memory Configuration

Name             Origin             Length             Attributes
CCMRAM           0x10000000         0x00002000         xrw
RAM              0x20000000         0x0000a000         xrw
FLASH            0x08000000         0x00040000         xr
*default*        0x00000000         0xffffffff

Linker script and memory map

LOAD C:/ST/STM32CubeIDE_1.17.0/STM32CubeIDE/plugins/com.st.stm32cube.ide.mcu.externaltools.gnu-tools-for-stm32.13.3.rel1.win32_1.0.0.202411081344/tools/bin/../lib/gcc/arm-none-eabi/13.3.1/thumb/v7e-m+fp/hard/crti.o
LOAD C:/ST/STM32CubeIDE_1.17.0/STM32CubeIDE/plugins/com.st.stm32cube.ide.mcu.externaltools.gnu-tools-for-stm32.13.3.rel1.win32_1.0.0.202411081344/tools/bin/../lib/gcc/arm-none-eabi/13.3.1/thumb/v7e-m+fp/hard/crtbegin.o
LOAD C:/ST/STM32CubeIDE_1.17.0/STM32CubeIDE/plugins/com.st.stm32cube.ide.mcu.externaltools.gnu-tools-for-stm32.13.3.rel1.win32_1.0.0.202411081344/tools/bin/../lib/gcc/arm-none-eabi/13.3.1/../../../../arm-none-eabi/lib/thumb/v7e-m+fp/hard/crt0.o
LOAD ./Core/Src/digitalio.o
LOAD ./Core/Src/game_logic.o
LOAD ./Core/Src/main.o
LOAD ./Core/Src/stm32f3xx_hal_msp.o
LOAD ./Core/Src/stm32f3xx_it.o
LOAD ./Core/Src/syscalls.o
LOAD ./Core/Src/sysmem.o
LOAD ./Core/Src/system_stm32f3xx.o
LOAD ./Core/Src/timer.o
LOAD ./Core/Startup/startup_stm32f303vctx.o
LOAD ./Drivers/STM32F3xx_HAL_Driver/Src/stm32f3xx_hal.o
LOAD ./Drivers/STM32F3xx_HAL_Driver/Src/stm32f3xx_hal_cortex.o
LOAD ./Drivers/STM32F3xx_HAL_Driver/Src/stm32f3xx_hal_dma.o
LOAD ./Drivers/STM32F3xx_HAL_Driver/Src/stm32f3xx_hal_exti.o
LOAD ./Drivers/STM32F3xx_HAL_Driver/Src/stm32f3xx_hal_flash.o
LOAD ./Drivers/STM32F3xx_HAL_Driver/Src/stm32f3xx_hal_flash_ex.o
LOAD ./Drivers/STM32F3xx_HAL_Driver/Src/stm32f3xx_hal_gpio.o
LOAD ./Drivers/STM32F3xx_HAL_Driver/Src/stm32f3xx_hal_i2c.o
LOAD ./Drivers/STM32F3xx_HAL_Driver/Src/stm32f3xx_hal_i2c_ex.o
LOAD ./Drivers/STM32F3xx_HAL_Driver/Src/stm32f3xx_hal_pcd.o
LOAD ./Drivers/STM32F3xx_HAL_Driver/Src/stm32f3xx_hal_pcd_ex.o
LOAD ./Drivers/STM32F3xx_HAL_Driver/Src/stm32f3xx_hal_pwr.o
LOAD ./Drivers/STM32F3xx_HAL_Driver/Src/stm32f3xx_hal_pwr_ex.o
LOAD ./Drivers/STM32F3xx_HAL_Driver/Src/stm32f3xx_hal_rcc.o
LOAD ./Drivers/STM32F3xx_HAL_Driver/Src/stm32f3xx_hal_rcc_ex.o
LOAD ./Drivers/STM32F3xx_HAL_Driver/Src/stm32f3xx_hal_tsc.o
LOAD ./Drivers/STM32F3xx_HAL_Driver/Src/stm32f3xx_ll_usb.o
START GROUP
LOAD C:/ST/STM32CubeIDE_1.17.0/STM32CubeIDE/plugins/com.st.stm32cube.ide.mcu.externaltools.gnu-tools-for-stm32.13.3.rel1.win32_1.0.0.202411081344/tools/bin/../lib/gcc/arm-none-eabi/13.3.1/../../../../arm-none-eabi/lib/thumb/v7e-m+fp/hard\libc_nano.a
LOAD C:/ST/STM32CubeIDE_1.17.0/STM32CubeIDE/plugins/com.st.stm32cube.ide.mcu.externaltools.gnu-tools-for-stm32.13.3.rel1.win32_1.0.0.202411081344/tools/bin/../lib/gcc/arm-none-eabi/13.3.1/../../../../arm-none-eabi/lib/thumb/v7e-m+fp/hard\libm.a
END GROUP
START GROUP
LOAD C:/ST/STM32CubeIDE_1.17.0/STM32CubeIDE/plugins/com.st.stm32cube.ide.mcu.externaltools.gnu-tools-for-stm32.13.3.rel1.win32_1.0.0.202411081344/tools/bin/../lib/gcc/arm-none-eabi/13.3.1/thumb/v7e-m+fp/hard\libgcc.a
LOAD C:/ST/STM32CubeIDE_1.17.0/STM32CubeIDE/plugins/com.st.stm32cube.ide.mcu.externaltools.gnu-tools-for-stm32.13.3.rel1.win32_1.0.0.202411081344/tools/bin/../lib/gcc/arm-none-eabi/13.3.1/../../../../arm-none-eabi/lib/thumb/v7e-m+fp/hard\libc_nano.a
END GROUP
START GROUP
LOAD C:/ST/STM32CubeIDE_1.17.0/STM32CubeIDE/plugins/com.st.stm32cube.ide.mcu.externaltools.gnu-tools-for-stm32.13.3.rel1.win32_1.0.0.202411081344/tools/bin/../lib/gcc/arm-none-eabi/13.3.1/thumb/v7e-m+fp/hard\libgcc.a
LOAD C:/ST/STM32CubeIDE_1.17.0/STM32CubeIDE/plugins/com.st.stm32cube.ide.mcu.externaltools.gnu-tools-for-stm32.13.3.rel1.win32_1.0.0.202411081344/tools/bin/../lib/gcc/arm-none-eabi/13.3.1/../../../../arm-none-eabi/lib/thumb/v7e-m+fp/hard\libc_nano.a
LOAD C:/ST/STM32CubeIDE_1.17.0/STM32CubeIDE/plugins/com.st.stm32cube.ide.mcu.externaltools.gnu-tools-for-stm32.13.3.rel1.win32_1.0.0.202411081344/tools/bin/../lib/gcc/arm-none-eabi/13.3.1/../../../../arm-none-eabi/lib/thumb/v7e-m+fp/hard\libnosys.a
END GROUP
START GROUP
LOAD C:/ST/STM32CubeIDE_1.17.0/STM32CubeIDE/plugins/com.st.stm32cube.ide.mcu.externaltools.gnu-tools-for-stm32.13.3.rel1.win32_1.0.0.202411081344/tools/bin/../lib/gcc/arm-none-eabi/13.3.1/thumb/v7e-m+fp/hard\libgcc.a
LOAD C:/ST/STM32CubeIDE_1.17.0/STM32CubeIDE/plugins/com.st.stm32cube.ide.mcu.externaltools.gnu-tools-for-stm32.13.3.rel1.win32_1.0.0.202411081344/tools/bin/../lib/gcc/arm-none-eabi/13.3.1/../../../../arm-none-eabi/lib/thumb/v7e-m+fp/hard\libc_nano.a
LOAD C:/ST/STM32CubeIDE_1.17.0/STM32CubeIDE/plugins/com.st.stm32cube.ide.mcu.externaltools.gnu-tools-for-stm32.13.3.rel1.win32_1.0.0.202411081344/tools/bin/../lib/gcc/arm-none-eabi/13.3.1/../../../../arm-none-eabi/lib/thumb/v7e-m+fp/hard\libnosys.a
END GROUP
LOAD C:/ST/STM32CubeIDE_1.17.0/STM32CubeIDE/plugins/com.st.stm32cube.ide.mcu.externaltools.gnu-tools-for-stm32.13.3.rel1.win32_1.0.0.202411081344/tools/bin/../lib/gcc/arm-none-eabi/13.3.1/thumb/v7e-m+fp/hard/crtend.o
LOAD C:/ST/STM32CubeIDE_1.17.0/STM32CubeIDE/plugins/com.st.stm32cube.ide.mcu.externaltools.gnu-tools-for-stm32.13.3.rel1.win32_1.0.0.202411081344/tools/bin/../lib/gcc/arm-none-eabi/13.3.1/thumb/v7e-m+fp/hard/crtn.o
                0x2000a000                        _estack = (ORIGIN (RAM) + LENGTH (RAM))
                0x00000200                        _Min_Heap_Size = 0x200
                0x00000400                        _Min_Stack_Size = 0x400

.isr_vector     0x08000000      0x188
                0x08000000                        . = ALIGN (0x4)
 *(.isr_vector)
 .isr_vector    0x08000000      0x188 ./Core/Startup/startup_stm32f303vctx.o
                0x08000000                g_pfnVectors
                0x08000188                        . = ALIGN (0x4)

.text           0x08000188     0x3248
                0x08000188                        . = ALIGN (0x4)
 *(.text)
 .text          0x08000188       0x40 C:/ST/STM32CubeIDE_1.17.0/STM32CubeIDE/plugins/com.st.stm32cube.ide.mcu.externaltools.gnu-tools-for-stm32.13.3.rel1.win32_1.0.0.202411081344/tools/bin/../lib/gcc/arm-none-eabi/13.3.1/thumb/v7e-m+fp/hard/crtbegin.o
 *(.text*)
 .text.enable_clocks
                0x080001c8       0x38 ./Core/Src/digitalio.o
                0x080001c8                enable_clocks
 .text.initialise_gpio
                0x08000200       0x4c ./Core/Src/digitalio.o
                0x08000200                initialise_gpio
 .text.set_leds
                0x0800024c       0x30 ./Core/Src/digitalio.o
                0x0800024c                set_leds
 .text.clear_leds
                0x0800027c       0x3c ./Core/Src/digitalio.o
                0x0800027c                clear_leds
 .text.__NVIC_EnableIRQ
                0x080002b8       0x3c ./Core/Src/game_logic.o
 .text.__NVIC_SetPriority
                0x080002f4       0x54 ./Core/Src/game_logic.o
 .text.HAL_TSC_ConvCpltCallback
                0x08000348       0x88 ./Core/Src/game_logic.o
                0x08000348                HAL_TSC_ConvCpltCallback
 .text.key_press_logic
                0x080003d0       0xdc ./Core/Src/game_logic.o
                0x080003d0                key_press_logic
 .text.gameplay_logic
                0x080004ac      0x128 ./Core/Src/game_logic.o
                0x080004ac                gameplay_logic
 .text.SerialInitialise
                0x080005d4      0x12c ./Core/Src/game_logic.o
                0x080005d4                SerialInitialise
 .text.USART1_IRQHandler
                0x08000700       0xb0 ./Core/Src/game_logic.o
                0x08000700                USART1_IRQHandler
 .text.tx_char  0x080007b0       0x56 ./Core/Src/game_logic.o
                0x080007b0                tx_char
 *fill*         0x08000806        0x2 
 .text.completion_function
                0x08000808       0x20 ./Core/Src/game_logic.o
                0x08000808                completion_function
 .text.main     0x08000828       0x70 ./Core/Src/main.o
                0x08000828                main
 .text.SystemClock_Config
                0x08000898       0xb8 ./Core/Src/main.o
                0x08000898                SystemClock_Config
 .text.MX_TSC_Init
                0x08000950       0x8c ./Core/Src/main.o
 .text.MX_USB_PCD_Init
                0x080009dc       0x44 ./Core/Src/main.o
 .text.MX_GPIO_Init
                0x08000a20      0x148 ./Core/Src/main.o
 .text.Error_Handler
                0x08000b68        0xc ./Core/Src/main.o
                0x08000b68                Error_Handler
 .text.HAL_MspInit
                0x08000b74       0x48 ./Core/Src/stm32f3xx_hal_msp.o
                0x08000b74                HAL_MspInit
 .text.HAL_TSC_MspInit
                0x08000bbc      0x168 ./Core/Src/stm32f3xx_hal_msp.o
                0x08000bbc                HAL_TSC_MspInit
 .text.HAL_PCD_MspInit
                0x08000d24       0x88 ./Core/Src/stm32f3xx_hal_msp.o
                0x08000d24                HAL_PCD_MspInit
 .text.NMI_Handler
                0x08000dac        0x8 ./Core/Src/stm32f3xx_it.o
                0x08000dac                NMI_Handler
 .text.HardFault_Handler
                0x08000db4        0x8 ./Core/Src/stm32f3xx_it.o
                0x08000db4                HardFault_Handler
 .text.MemManage_Handler
                0x08000dbc        0x8 ./Core/Src/stm32f3xx_it.o
                0x08000dbc                MemManage_Handler
 .text.BusFault_Handler
                0x08000dc4        0x8 ./Core/Src/stm32f3xx_it.o
                0x08000dc4                BusFault_Handler
 .text.UsageFault_Handler
                0x08000dcc        0x8 ./Core/Src/stm32f3xx_it.o
                0x08000dcc                UsageFault_Handler
 .text.SVC_Handler
                0x08000dd4        0xe ./Core/Src/stm32f3xx_it.o
                0x08000dd4                SVC_Handler
 .text.DebugMon_Handler
                0x08000de2        0xe ./Core/Src/stm32f3xx_it.o
                0x08000de2                DebugMon_Handler
 .text.PendSV_Handler
                0x08000df0        0xe ./Core/Src/stm32f3xx_it.o
                0x08000df0                PendSV_Handler
 .text.SysTick_Handler
                0x08000dfe        0xc ./Core/Src/stm32f3xx_it.o
                0x08000dfe                SysTick_Handler
 *fill*         0x08000e0a        0x2 
 .text.EXTI2_TSC_IRQHandler
                0x08000e0c       0x18 ./Core/Src/stm32f3xx_it.o
                0x08000e0c                EXTI2_TSC_IRQHandler
 .text.SystemInit
                0x08000e24       0x24 ./Core/Src/system_stm32f3xx.o
                0x08000e24                SystemInit
 .text.__NVIC_EnableIRQ
                0x08000e48       0x3c ./Core/Src/timer.o
 .text.__NVIC_SetPriority
                0x08000e84       0x54 ./Core/Src/timer.o
 .text.enable_timer2_interrupt
                0x08000ed8       0x62 ./Core/Src/timer.o
                0x08000ed8                enable_timer2_interrupt
 *fill*         0x08000f3a        0x2 
 .text.enable_timer3_interrupt
                0x08000f3c       0x4c ./Core/Src/timer.o
                0x08000f3c                enable_timer3_interrupt
 .text.TIM2_IRQHandler
                0x08000f88       0x38 ./Core/Src/timer.o
                0x08000f88                TIM2_IRQHandler
 .text.TIM3_IRQHandler
                0x08000fc0       0x74 ./Core/Src/timer.o
                0x08000fc0                TIM3_IRQHandler
 .text.Reset_Handler
                0x08001034       0x50 ./Core/Startup/startup_stm32f303vctx.o
                0x08001034                Reset_Handler
 .text.Default_Handler
                0x08001084        0x2 ./Core/Startup/startup_stm32f303vctx.o
                0x08001084                RTC_Alarm_IRQHandler
                0x08001084                TIM8_TRG_COM_IRQHandler
                0x08001084                TIM8_CC_IRQHandler
                0x08001084                TIM1_CC_IRQHandler
                0x08001084                USB_HP_IRQHandler
                0x08001084                PVD_IRQHandler
                0x08001084                TAMP_STAMP_IRQHandler
                0x08001084                EXTI3_IRQHandler
                0x08001084                USB_HP_CAN_TX_IRQHandler
                0x08001084                EXTI0_IRQHandler
                0x08001084                I2C2_EV_IRQHandler
                0x08001084                FPU_IRQHandler
                0x08001084                TIM1_UP_TIM16_IRQHandler
                0x08001084                ADC1_2_IRQHandler
                0x08001084                SPI1_IRQHandler
                0x08001084                CAN_SCE_IRQHandler
                0x08001084                TIM6_DAC_IRQHandler
                0x08001084                TIM8_UP_IRQHandler
                0x08001084                DMA2_Channel2_IRQHandler
                0x08001084                DMA1_Channel4_IRQHandler
                0x08001084                USART3_IRQHandler
                0x08001084                DMA1_Channel7_IRQHandler
                0x08001084                UART5_IRQHandler
                0x08001084                ADC3_IRQHandler
                0x08001084                TIM4_IRQHandler
                0x08001084                CAN_RX1_IRQHandler
                0x08001084                DMA2_Channel1_IRQHandler
                0x08001084                I2C1_EV_IRQHandler
                0x08001084                DMA1_Channel6_IRQHandler
                0x08001084                UART4_IRQHandler
                0x08001084                DMA2_Channel4_IRQHandler
                0x08001084                RCC_IRQHandler
                0x08001084                DMA1_Channel1_IRQHandler
                0x08001084                Default_Handler
                0x08001084                USBWakeUp_RMP_IRQHandler
                0x08001084                EXTI15_10_IRQHandler
                0x08001084                TIM7_IRQHandler
                0x08001084                EXTI9_5_IRQHandler
                0x08001084                RTC_WKUP_IRQHandler
                0x08001084                SPI2_IRQHandler
                0x08001084                USB_LP_CAN_RX0_IRQHandler
                0x08001084                DMA2_Channel5_IRQHandler
                0x08001084                DMA1_Channel5_IRQHandler
                0x08001084                USB_LP_IRQHandler
                0x08001084                EXTI4_IRQHandler
                0x08001084                TIM1_TRG_COM_TIM17_IRQHandler
                0x08001084                DMA1_Channel3_IRQHandler
                0x08001084                ADC4_IRQHandler
                0x08001084                WWDG_IRQHandler
                0x08001084                COMP7_IRQHandler
                0x08001084                COMP1_2_3_IRQHandler
                0x08001084                EXTI1_IRQHandler
                0x08001084                USART2_IRQHandler
                0x08001084                COMP4_5_6_IRQHandler
                0x08001084                I2C2_ER_IRQHandler
                0x08001084                DMA1_Channel2_IRQHandler
                0x08001084                TIM8_BRK_IRQHandler
                0x08001084                FLASH_IRQHandler
                0x08001084                SPI3_IRQHandler
                0x08001084                I2C1_ER_IRQHandler
                0x08001084                USBWakeUp_IRQHandler
                0x08001084                DMA2_Channel3_IRQHandler
                0x08001084                TIM1_BRK_TIM15_IRQHandler
 *fill*         0x08001086        0x2 
 .text.HAL_Init
                0x08001088       0x2c ./Drivers/STM32F3xx_HAL_Driver/Src/stm32f3xx_hal.o
                0x08001088                HAL_Init
 .text.HAL_InitTick
                0x080010b4       0x60 ./Drivers/STM32F3xx_HAL_Driver/Src/stm32f3xx_hal.o
                0x080010b4                HAL_InitTick
 .text.HAL_IncTick
                0x08001114       0x28 ./Drivers/STM32F3xx_HAL_Driver/Src/stm32f3xx_hal.o
                0x08001114                HAL_IncTick
 .text.HAL_GetTick
                0x0800113c       0x18 ./Drivers/STM32F3xx_HAL_Driver/Src/stm32f3xx_hal.o
                0x0800113c                HAL_GetTick
 .text.HAL_Delay
                0x08001154       0x48 ./Drivers/STM32F3xx_HAL_Driver/Src/stm32f3xx_hal.o
                0x08001154                HAL_Delay
 .text.__NVIC_SetPriorityGrouping
                0x0800119c       0x48 ./Drivers/STM32F3xx_HAL_Driver/Src/stm32f3xx_hal_cortex.o
 .text.__NVIC_GetPriorityGrouping
                0x080011e4       0x1c ./Drivers/STM32F3xx_HAL_Driver/Src/stm32f3xx_hal_cortex.o
 .text.__NVIC_EnableIRQ
                0x08001200       0x3c ./Drivers/STM32F3xx_HAL_Driver/Src/stm32f3xx_hal_cortex.o
 .text.__NVIC_SetPriority
                0x0800123c       0x54 ./Drivers/STM32F3xx_HAL_Driver/Src/stm32f3xx_hal_cortex.o
 .text.NVIC_EncodePriority
                0x08001290       0x66 ./Drivers/STM32F3xx_HAL_Driver/Src/stm32f3xx_hal_cortex.o
 *fill*         0x080012f6        0x2 
 .text.SysTick_Config
                0x080012f8       0x44 ./Drivers/STM32F3xx_HAL_Driver/Src/stm32f3xx_hal_cortex.o
 .text.HAL_NVIC_SetPriorityGrouping
                0x0800133c       0x16 ./Drivers/STM32F3xx_HAL_Driver/Src/stm32f3xx_hal_cortex.o
                0x0800133c                HAL_NVIC_SetPriorityGrouping
 .text.HAL_NVIC_SetPriority
                0x08001352       0x38 ./Drivers/STM32F3xx_HAL_Driver/Src/stm32f3xx_hal_cortex.o
                0x08001352                HAL_NVIC_SetPriority
 .text.HAL_NVIC_EnableIRQ
                0x0800138a       0x1c ./Drivers/STM32F3xx_HAL_Driver/Src/stm32f3xx_hal_cortex.o
                0x0800138a                HAL_NVIC_EnableIRQ
 .text.HAL_SYSTICK_Config
                0x080013a6       0x18 ./Drivers/STM32F3xx_HAL_Driver/Src/stm32f3xx_hal_cortex.o
                0x080013a6                HAL_SYSTICK_Config
 *fill*         0x080013be        0x2 
 .text.HAL_GPIO_Init
                0x080013c0      0x2f4 ./Drivers/STM32F3xx_HAL_Driver/Src/stm32f3xx_hal_gpio.o
                0x080013c0                HAL_GPIO_Init
 .text.HAL_GPIO_WritePin
                0x080016b4       0x30 ./Drivers/STM32F3xx_HAL_Driver/Src/stm32f3xx_hal_gpio.o
                0x080016b4                HAL_GPIO_WritePin
 .text.HAL_GPIO_EXTI_IRQHandler
                0x080016e4       0x30 ./Drivers/STM32F3xx_HAL_Driver/Src/stm32f3xx_hal_gpio.o
                0x080016e4                HAL_GPIO_EXTI_IRQHandler
 .text.HAL_GPIO_EXTI_Callback
                0x08001714       0x16 ./Drivers/STM32F3xx_HAL_Driver/Src/stm32f3xx_hal_gpio.o
                0x08001714                HAL_GPIO_EXTI_Callback
 .text.HAL_PCD_Init
                0x0800172a      0x18e ./Drivers/STM32F3xx_HAL_Driver/Src/stm32f3xx_hal_pcd.o
                0x0800172a                HAL_PCD_Init
 .text.HAL_RCC_OscConfig
                0x080018b8     0x101c ./Drivers/STM32F3xx_HAL_Driver/Src/stm32f3xx_hal_rcc.o
                0x080018b8                HAL_RCC_OscConfig
 .text.HAL_RCC_ClockConfig
                0x080028d4      0x2dc ./Drivers/STM32F3xx_HAL_Driver/Src/stm32f3xx_hal_rcc.o
                0x080028d4                HAL_RCC_ClockConfig
 .text.HAL_RCC_GetSysClockFreq
                0x08002bb0       0xa8 ./Drivers/STM32F3xx_HAL_Driver/Src/stm32f3xx_hal_rcc.o
                0x08002bb0                HAL_RCC_GetSysClockFreq
 .text.HAL_RCCEx_PeriphCLKConfig
                0x08002c58      0x35c ./Drivers/STM32F3xx_HAL_Driver/Src/stm32f3xx_hal_rcc_ex.o
                0x08002c58                HAL_RCCEx_PeriphCLKConfig
 .text.HAL_TSC_Init
                0x08002fb4      0x100 ./Drivers/STM32F3xx_HAL_Driver/Src/stm32f3xx_hal_tsc.o
                0x08002fb4                HAL_TSC_Init
 .text.HAL_TSC_Start_IT
                0x080030b4       0xba ./Drivers/STM32F3xx_HAL_Driver/Src/stm32f3xx_hal_tsc.o
                0x080030b4                HAL_TSC_Start_IT
 .text.HAL_TSC_GroupGetStatus
                0x0800316e       0x44 ./Drivers/STM32F3xx_HAL_Driver/Src/stm32f3xx_hal_tsc.o
                0x0800316e                HAL_TSC_GroupGetStatus
 .text.HAL_TSC_GroupGetValue
                0x080031b2       0x24 ./Drivers/STM32F3xx_HAL_Driver/Src/stm32f3xx_hal_tsc.o
                0x080031b2                HAL_TSC_GroupGetValue
 .text.HAL_TSC_IODischarge
                0x080031d6       0x60 ./Drivers/STM32F3xx_HAL_Driver/Src/stm32f3xx_hal_tsc.o
                0x080031d6                HAL_TSC_IODischarge
 .text.HAL_TSC_IRQHandler
                0x08003236       0x5a ./Drivers/STM32F3xx_HAL_Driver/Src/stm32f3xx_hal_tsc.o
                0x08003236                HAL_TSC_IRQHandler
 .text.HAL_TSC_ErrorCallback
                0x08003290       0x14 ./Drivers/STM32F3xx_HAL_Driver/Src/stm32f3xx_hal_tsc.o
                0x08003290                HAL_TSC_ErrorCallback
 .text.TSC_extract_groups
                0x080032a4       0x4a ./Drivers/STM32F3xx_HAL_Driver/Src/stm32f3xx_hal_tsc.o
 .text.USB_DisableGlobalInt
                0x080032ee       0x36 ./Drivers/STM32F3xx_HAL_Driver/Src/stm32f3xx_ll_usb.o
                0x080032ee                USB_DisableGlobalInt
 .text.USB_DevInit
                0x08003324       0x3c ./Drivers/STM32F3xx_HAL_Driver/Src/stm32f3xx_ll_usb.o
                0x08003324                USB_DevInit
 .text.memset   0x08003360       0x10 C:/ST/STM32CubeIDE_1.17.0/STM32CubeIDE/plugins/com.st.stm32cube.ide.mcu.externaltools.gnu-tools-for-stm32.13.3.rel1.win32_1.0.0.202411081344/tools/bin/../lib/gcc/arm-none-eabi/13.3.1/../../../../arm-none-eabi/lib/thumb/v7e-m+fp/hard\libc_nano.a(libc_a-memset.o)
                0x08003360                memset
 .text.__libc_init_array
                0x08003370       0x48 C:/ST/STM32CubeIDE_1.17.0/STM32CubeIDE/plugins/com.st.stm32cube.ide.mcu.externaltools.gnu-tools-for-stm32.13.3.rel1.win32_1.0.0.202411081344/tools/bin/../lib/gcc/arm-none-eabi/13.3.1/../../../../arm-none-eabi/lib/thumb/v7e-m+fp/hard\libc_nano.a(libc_a-init.o)
                0x08003370                __libc_init_array
 *(.glue_7)
 .glue_7        0x080033b8        0x0 linker stubs
 *(.glue_7t)
 .glue_7t       0x080033b8        0x0 linker stubs
 *(.eh_frame)
 .eh_frame      0x080033b8        0x0 C:/ST/STM32CubeIDE_1.17.0/STM32CubeIDE/plugins/com.st.stm32cube.ide.mcu.externaltools.gnu-tools-for-stm32.13.3.rel1.win32_1.0.0.202411081344/tools/bin/../lib/gcc/arm-none-eabi/13.3.1/thumb/v7e-m+fp/hard/crtbegin.o
 *(.init)
 .init          0x080033b8        0x4 C:/ST/STM32CubeIDE_1.17.0/STM32CubeIDE/plugins/com.st.stm32cube.ide.mcu.externaltools.gnu-tools-for-stm32.13.3.rel1.win32_1.0.0.202411081344/tools/bin/../lib/gcc/arm-none-eabi/13.3.1/thumb/v7e-m+fp/hard/crti.o
                0x080033b8                _init
 .init          0x080033bc        0x8 C:/ST/STM32CubeIDE_1.17.0/STM32CubeIDE/plugins/com.st.stm32cube.ide.mcu.externaltools.gnu-tools-for-stm32.13.3.rel1.win32_1.0.0.202411081344/tools/bin/../lib/gcc/arm-none-eabi/13.3.1/thumb/v7e-m+fp/hard/crtn.o
 *(.fini)
 .fini          0x080033c4        0x4 C:/ST/STM32CubeIDE_1.17.0/STM32CubeIDE/plugins/com.st.stm32cube.ide.mcu.externaltools.gnu-tools-for-stm32.13.3.rel1.win32_1.0.0.202411081344/tools/bin/../lib/gcc/arm-none-eabi/13.3.1/thumb/v7e-m+fp/hard/crti.o
                0x080033c4                _fini
 .fini          0x080033c8        0x8 C:/ST/STM32CubeIDE_1.17.0/STM32CubeIDE/plugins/com.st.stm32cube.ide.mcu.externaltools.gnu-tools-for-stm32.13.3.rel1.win32_1.0.0.202411081344/tools/bin/../lib/gcc/arm-none-eabi/13.3.1/thumb/v7e-m+fp/hard/crtn.o
                0x080033d0                        . = ALIGN (0x4)
                0x080033d0                        _etext = .

.vfp11_veneer   0x080033d0        0x0
 .vfp11_veneer  0x080033d0        0x0 linker stubs

.v4_bx          0x080033d0        0x0
 .v4_bx         0x080033d0        0x0 linker stubs

.iplt           0x080033d0        0x0
 .iplt          0x080033d0        0x0 C:/ST/STM32CubeIDE_1.17.0/STM32CubeIDE/plugins/com.st.stm32cube.ide.mcu.externaltools.gnu-tools-for-stm32.13.3.rel1.win32_1.0.0.202411081344/tools/bin/../lib/gcc/arm-none-eabi/13.3.1/thumb/v7e-m+fp/hard/crtbegin.o

.rodata         0x080033d0       0x50
                0x080033d0                        . = ALIGN (0x4)
 *(.rodata)
 .rodata        0x080033d0       0x1e ./Core/Src/game_logic.o
 *(.rodata*)
 *fill*         0x080033ee        0x2 
 .rodata.AHBPrescTable
                0x080033f0       0x10 ./Core/Src/system_stm32f3xx.o
                0x080033f0                AHBPrescTable
 .rodata.aPLLMULFactorTable
                0x08003400       0x10 ./Drivers/STM32F3xx_HAL_Driver/Src/stm32f3xx_hal_rcc.o
 .rodata.aPredivFactorTable
                0x08003410       0x10 ./Drivers/STM32F3xx_HAL_Driver/Src/stm32f3xx_hal_rcc.o
                0x08003420                        . = ALIGN (0x4)

.ARM.extab      0x08003420        0x0
                0x08003420                        . = ALIGN (0x4)
 *(.ARM.extab* .gnu.linkonce.armextab.*)
                0x08003420                        . = ALIGN (0x4)

.ARM            0x08003420        0x0
                0x08003420                        . = ALIGN (0x4)
                0x08003420                        __exidx_start = .
 *(.ARM.exidx*)
                0x08003420                        __exidx_end = .
                0x08003420                        . = ALIGN (0x4)

.preinit_array  0x08003420        0x0
                0x08003420                        . = ALIGN (0x4)
                0x08003420                        PROVIDE (__preinit_array_start = .)
 *(.preinit_array*)
                0x08003420                        PROVIDE (__preinit_array_end = .)
                0x08003420                        . = ALIGN (0x4)

.init_array     0x08003420        0x4
                0x08003420                        . = ALIGN (0x4)
                0x08003420                        PROVIDE (__init_array_start = .)
 *(SORT_BY_NAME(.init_array.*))
 *(.init_array*)
 .init_array    0x08003420        0x4 C:/ST/STM32CubeIDE_1.17.0/STM32CubeIDE/plugins/com.st.stm32cube.ide.mcu.externaltools.gnu-tools-for-stm32.13.3.rel1.win32_1.0.0.202411081344/tools/bin/../lib/gcc/arm-none-eabi/13.3.1/thumb/v7e-m+fp/hard/crtbegin.o
                0x08003424                        PROVIDE (__init_array_end = .)
                0x08003424                        . = ALIGN (0x4)

.fini_array     0x08003424        0x4
                0x08003424                        . = ALIGN (0x4)
                [!provide]                        PROVIDE (__fini_array_start = .)
 *(SORT_BY_NAME(.fini_array.*))
 *(.fini_array*)
 .fini_array    0x08003424        0x4 C:/ST/STM32CubeIDE_1.17.0/STM32CubeIDE/plugins/com.st.stm32cube.ide.mcu.externaltools.gnu-tools-for-stm32.13.3.rel1.win32_1.0.0.202411081344/tools/bin/../lib/gcc/arm-none-eabi/13.3.1/thumb/v7e-m+fp/hard/crtbegin.o
                [!provide]                        PROVIDE (__fini_array_end = .)
                0x08003428                        . = ALIGN (0x4)
                0x08003428                        _sidata = LOADADDR (.data)

.rel.dyn        0x08003428        0x0
 .rel.iplt      0x08003428        0x0 C:/ST/STM32CubeIDE_1.17.0/STM32CubeIDE/plugins/com.st.stm32cube.ide.mcu.externaltools.gnu-tools-for-stm32.13.3.rel1.win32_1.0.0.202411081344/tools/bin/../lib/gcc/arm-none-eabi/13.3.1/thumb/v7e-m+fp/hard/crtbegin.o

.data           0x20000000       0x9c load address 0x08003428
                0x20000000                        . = ALIGN (0x4)
                0x20000000                        _sdata = .
 *(.data)
 *(.data*)
 .data.USART1_PORT
                0x20000000       0x38 ./Core/Src/game_logic.o
                0x20000000                USART1_PORT
 .data.piano    0x20000038       0x54 ./Core/Src/game_logic.o
                0x20000038                piano
 .data.mutex    0x2000008c        0x1 ./Core/Src/main.o
                0x2000008c                mutex
 *fill*         0x2000008d        0x3 
 .data.SystemCoreClock
                0x20000090        0x4 ./Core/Src/system_stm32f3xx.o
                0x20000090                SystemCoreClock
 .data.uwTickPrio
                0x20000094        0x4 ./Drivers/STM32F3xx_HAL_Driver/Src/stm32f3xx_hal.o
                0x20000094                uwTickPrio
 .data.uwTickFreq
                0x20000098        0x1 ./Drivers/STM32F3xx_HAL_Driver/Src/stm32f3xx_hal.o
                0x20000098                uwTickFreq
 *(.RamFunc)
 *(.RamFunc*)
                0x2000009c                        . = ALIGN (0x4)
 *fill*         0x20000099        0x3 
                0x2000009c                        _edata = .
                0x080034c4                        _siccmram = LOADADDR (.ccmram)

.igot.plt       0x2000009c        0x0 load address 0x080034c4
 .igot.plt      0x2000009c        0x0 C:/ST/STM32CubeIDE_1.17.0/STM32CubeIDE/plugins/com.st.stm32cube.ide.mcu.externaltools.gnu-tools-for-stm32.13.3.rel1.win32_1.0.0.202411081344/tools/bin/../lib/gcc/arm-none-eabi/13.3.1/thumb/v7e-m+fp/hard/crtbegin.o

.ccmram         0x10000000        0x0 load address 0x080034c4
                0x10000000                        . = ALIGN (0x4)
                0x10000000                        _sccmram = .
 *(.ccmram)
 *(.ccmram*)
                0x10000000                        . = ALIGN (0x4)
                0x10000000                        _eccmram = .
                0x10000000                        . = ALIGN (0x4)

.bss            0x2000009c      0x338
                0x2000009c                        _sbss = .
                0x2000009c                        __bss_start__ = _sbss
 *(.bss)
 .bss           0x2000009c       0x1c C:/ST/STM32CubeIDE_1.17.0/STM32CubeIDE/plugins/com.st.stm32cube.ide.mcu.externaltools.gnu-tools-for-stm32.13.3.rel1.win32_1.0.0.202411081344/tools/bin/../lib/gcc/arm-none-eabi/13.3.1/thumb/v7e-m+fp/hard/crtbegin.o
 *(.bss*)
 .bss.htsc      0x200000b8       0x44 ./Core/Src/main.o
                0x200000b8                htsc
 .bss.hpcd_USB_FS
                0x200000fc      0x2d4 ./Core/Src/main.o
                0x200000fc                hpcd_USB_FS
 .bss.uwTick    0x200003d0        0x4 ./Drivers/STM32F3xx_HAL_Driver/Src/stm32f3xx_hal.o
                0x200003d0                uwTick
 *(COMMON)
                0x200003d4                        . = ALIGN (0x4)
                0x200003d4                        _ebss = .
                0x200003d4                        __bss_end__ = _ebss

._user_heap_stack
                0x200003d4      0x604
                0x200003d8                        . = ALIGN (0x8)
 *fill*         0x200003d4        0x4 
                [!provide]                        PROVIDE (end = .)
                0x200003d8                        PROVIDE (_end = .)
                0x200005d8                        . = (. + _Min_Heap_Size)
 *fill*         0x200003d8      0x200 
                0x200009d8                        . = (. + _Min_Stack_Size)
 *fill*         0x200005d8      0x400 
                0x200009d8                        . = ALIGN (0x8)

/DISCARD/
 libc.a(*)
 libm.a(*)
 libgcc.a(*)

.ARM.attributes
                0x00000000       0x30
 *(.ARM.attributes)
 .ARM.attributes
                0x00000000       0x22 C:/ST/STM32CubeIDE_1.17.0/STM32CubeIDE/plugins/com.st.stm32cube.ide.mcu.externaltools.gnu-tools-for-stm32.13.3.rel1.win32_1.0.0.202411081344/tools/bin/../lib/gcc/arm-none-eabi/13.3.1/thumb/v7e-m+fp/hard/crti.o
 .ARM.attributes
                0x00000022       0x34 C:/ST/STM32CubeIDE_1.17.0/STM32CubeIDE/plugins/com.st.stm32cube.ide.mcu.externaltools.gnu-tools-for-stm32.13.3.rel1.win32_1.0.0.202411081344/tools/bin/../lib/gcc/arm-none-eabi/13.3.1/thumb/v7e-m+fp/hard/crtbegin.o
 .ARM.attributes
                0x00000056       0x34 ./Core/Src/digitalio.o
 .ARM.attributes
                0x0000008a       0x34 ./Core/Src/game_logic.o
 .ARM.attributes
                0x000000be       0x34 ./Core/Src/main.o
 .ARM.attributes
                0x000000f2       0x34 ./Core/Src/stm32f3xx_hal_msp.o
 .ARM.attributes
                0x00000126       0x34 ./Core/Src/stm32f3xx_it.o
 .ARM.attributes
                0x0000015a       0x34 ./Core/Src/system_stm32f3xx.o
 .ARM.attributes
                0x0000018e       0x34 ./Core/Src/timer.o
 .ARM.attributes
                0x000001c2       0x21 ./Core/Startup/startup_stm32f303vctx.o
 .ARM.attributes
                0x000001e3       0x34 ./Drivers/STM32F3xx_HAL_Driver/Src/stm32f3xx_hal.o
 .ARM.attributes
                0x00000217       0x34 ./Drivers/STM32F3xx_HAL_Driver/Src/stm32f3xx_hal_cortex.o
 .ARM.attributes
                0x0000024b       0x34 ./Drivers/STM32F3xx_HAL_Driver/Src/stm32f3xx_hal_gpio.o
 .ARM.attributes
                0x0000027f       0x34 ./Drivers/STM32F3xx_HAL_Driver/Src/stm32f3xx_hal_pcd.o
 .ARM.attributes
                0x000002b3       0x34 ./Drivers/STM32F3xx_HAL_Driver/Src/stm32f3xx_hal_rcc.o
 .ARM.attributes
                0x000002e7       0x34 ./Drivers/STM32F3xx_HAL_Driver/Src/stm32f3xx_hal_rcc_ex.o
 .ARM.attributes
                0x0000031b       0x34 ./Drivers/STM32F3xx_HAL_Driver/Src/stm32f3xx_hal_tsc.o
 .ARM.attributes
                0x0000034f       0x34 ./Drivers/STM32F3xx_HAL_Driver/Src/stm32f3xx_ll_usb.o
 .ARM.attributes
                0x00000383       0x34 C:/ST/STM32CubeIDE_1.17.0/STM32CubeIDE/plugins/com.st.stm32cube.ide.mcu.externaltools.gnu-tools-for-stm32.13.3.rel1.win32_1.0.0.202411081344/tools/bin/../lib/gcc/arm-none-eabi/13.3.1/../../../../arm-none-eabi/lib/thumb/v7e-m+fp/hard\libc_nano.a(libc_a-memset.o)
 .ARM.attributes
                0x000003b7       0x34 C:/ST/STM32CubeIDE_1.17.0/STM32CubeIDE/plugins/com.st.stm32cube.ide.mcu.externaltools.gnu-tools-for-stm32.13.3.rel1.win32_1.0.0.202411081344/tools/bin/../lib/gcc/arm-none-eabi/13.3.1/../../../../arm-none-eabi/lib/thumb/v7e-m+fp/hard\libc_nano.a(libc_a-init.o)
 .ARM.attributes
                0x000003eb       0x22 C:/ST/STM32CubeIDE_1.17.0/STM32CubeIDE/plugins/com.st.stm32cube.ide.mcu.externaltools.gnu-tools-for-stm32.13.3.rel1.win32_1.0.0.202411081344/tools/bin/../lib/gcc/arm-none-eabi/13.3.1/thumb/v7e-m+fp/hard/crtn.o
OUTPUT(piano-touch.elf elf32-littlearm)
LOAD linker stubs
LOAD C:/ST/STM32CubeIDE_1.17.0/STM32CubeIDE/plugins/com.st.stm32cube.ide.mcu.externaltools.gnu-tools-for-stm32.13.3.rel1.win32_1.0.0.202411081344/tools/bin/../lib/gcc/arm-none-eabi/13.3.1/../../../../arm-none-eabi/lib/thumb/v7e-m+fp/hard\libc.a
LOAD C:/ST/STM32CubeIDE_1.17.0/STM32CubeIDE/plugins/com.st.stm32cube.ide.mcu.externaltools.gnu-tools-for-stm32.13.3.rel1.win32_1.0.0.202411081344/tools/bin/../lib/gcc/arm-none-eabi/13.3.1/../../../../arm-none-eabi/lib/thumb/v7e-m+fp/hard\libm.a
LOAD C:/ST/STM32CubeIDE_1.17.0/STM32CubeIDE/plugins/com.st.stm32cube.ide.mcu.externaltools.gnu-tools-for-stm32.13.3.rel1.win32_1.0.0.202411081344/tools/bin/../lib/gcc/arm-none-eabi/13.3.1/thumb/v7e-m+fp/hard\libgcc.a

.debug_info     0x00000000     0xac41
 .debug_info    0x00000000      0x2ae ./Core/Src/digitalio.o
 .debug_info    0x000002ae     0x103f ./Core/Src/game_logic.o
 .debug_info    0x000012ed     0x143a ./Core/Src/main.o
 .debug_info    0x00002727      0xaf9 ./Core/Src/stm32f3xx_hal_msp.o
 .debug_info    0x00003220      0x3ef ./Core/Src/stm32f3xx_it.o
 .debug_info    0x0000360f      0x407 ./Core/Src/system_stm32f3xx.o
 .debug_info    0x00003a16      0x92f ./Core/Src/timer.o
 .debug_info    0x00004345       0x30 ./Core/Startup/startup_stm32f303vctx.o
 .debug_info    0x00004375      0x7d4 ./Drivers/STM32F3xx_HAL_Driver/Src/stm32f3xx_hal.o
 .debug_info    0x00004b49      0xce4 ./Drivers/STM32F3xx_HAL_Driver/Src/stm32f3xx_hal_cortex.o
 .debug_info    0x0000582d      0x5fe ./Drivers/STM32F3xx_HAL_Driver/Src/stm32f3xx_hal_gpio.o
 .debug_info    0x00005e2b     0x166f ./Drivers/STM32F3xx_HAL_Driver/Src/stm32f3xx_hal_pcd.o
 .debug_info    0x0000749a     0x148a ./Drivers/STM32F3xx_HAL_Driver/Src/stm32f3xx_hal_rcc.o
 .debug_info    0x00008924      0x5b9 ./Drivers/STM32F3xx_HAL_Driver/Src/stm32f3xx_hal_rcc_ex.o
 .debug_info    0x00008edd      0x729 ./Drivers/STM32F3xx_HAL_Driver/Src/stm32f3xx_hal_tsc.o
 .debug_info    0x00009606     0x163b ./Drivers/STM32F3xx_HAL_Driver/Src/stm32f3xx_ll_usb.o

.debug_abbrev   0x00000000     0x208b
 .debug_abbrev  0x00000000       0xff ./Core/Src/digitalio.o
 .debug_abbrev  0x000000ff      0x307 ./Core/Src/game_logic.o
 .debug_abbrev  0x00000406      0x2e3 ./Core/Src/main.o
 .debug_abbrev  0x000006e9      0x1d5 ./Core/Src/stm32f3xx_hal_msp.o
 .debug_abbrev  0x000008be      0x15c ./Core/Src/stm32f3xx_it.o
 .debug_abbrev  0x00000a1a      0x11a ./Core/Src/system_stm32f3xx.o
 .debug_abbrev  0x00000b34      0x211 ./Core/Src/timer.o
 .debug_abbrev  0x00000d45       0x24 ./Core/Startup/startup_stm32f303vctx.o
 .debug_abbrev  0x00000d69      0x215 ./Drivers/STM32F3xx_HAL_Driver/Src/stm32f3xx_hal.o
 .debug_abbrev  0x00000f7e      0x31e ./Drivers/STM32F3xx_HAL_Driver/Src/stm32f3xx_hal_cortex.o
 .debug_abbrev  0x0000129c      0x1ca ./Drivers/STM32F3xx_HAL_Driver/Src/stm32f3xx_hal_gpio.o
 .debug_abbrev  0x00001466      0x2d9 ./Drivers/STM32F3xx_HAL_Driver/Src/stm32f3xx_hal_pcd.o
 .debug_abbrev  0x0000173f      0x300 ./Drivers/STM32F3xx_HAL_Driver/Src/stm32f3xx_hal_rcc.o
 .debug_abbrev  0x00001a3f      0x221 ./Drivers/STM32F3xx_HAL_Driver/Src/stm32f3xx_hal_rcc_ex.o
 .debug_abbrev  0x00001c60      0x1e4 ./Drivers/STM32F3xx_HAL_Driver/Src/stm32f3xx_hal_tsc.o
 .debug_abbrev  0x00001e44      0x247 ./Drivers/STM32F3xx_HAL_Driver/Src/stm32f3xx_ll_usb.o

.debug_aranges  0x00000000      0x7f8
 .debug_aranges
                0x00000000       0x40 ./Core/Src/digitalio.o
 .debug_aranges
                0x00000040       0x60 ./Core/Src/game_logic.o
 .debug_aranges
                0x000000a0       0x48 ./Core/Src/main.o
 .debug_aranges
                0x000000e8       0x40 ./Core/Src/stm32f3xx_hal_msp.o
 .debug_aranges
                0x00000128       0x68 ./Core/Src/stm32f3xx_it.o
 .debug_aranges
                0x00000190       0x28 ./Core/Src/system_stm32f3xx.o
 .debug_aranges
                0x000001b8       0x48 ./Core/Src/timer.o
 .debug_aranges
                0x00000200       0x28 ./Core/Startup/startup_stm32f303vctx.o
 .debug_aranges
                0x00000228       0xe0 ./Drivers/STM32F3xx_HAL_Driver/Src/stm32f3xx_hal.o
 .debug_aranges
                0x00000308      0x128 ./Drivers/STM32F3xx_HAL_Driver/Src/stm32f3xx_hal_cortex.o
 .debug_aranges
                0x00000430       0x58 ./Drivers/STM32F3xx_HAL_Driver/Src/stm32f3xx_hal_gpio.o
 .debug_aranges
                0x00000488      0x140 ./Drivers/STM32F3xx_HAL_Driver/Src/stm32f3xx_hal_pcd.o
 .debug_aranges
                0x000005c8       0x88 ./Drivers/STM32F3xx_HAL_Driver/Src/stm32f3xx_hal_rcc.o
 .debug_aranges
                0x00000650       0x38 ./Drivers/STM32F3xx_HAL_Driver/Src/stm32f3xx_hal_rcc_ex.o
 .debug_aranges
                0x00000688       0xa8 ./Drivers/STM32F3xx_HAL_Driver/Src/stm32f3xx_hal_tsc.o
 .debug_aranges
                0x00000730       0xc8 ./Drivers/STM32F3xx_HAL_Driver/Src/stm32f3xx_ll_usb.o

.debug_rnglists
                0x00000000      0x5d5
 .debug_rnglists
                0x00000000       0x2b ./Core/Src/digitalio.o
 .debug_rnglists
                0x0000002b       0x48 ./Core/Src/game_logic.o
 .debug_rnglists
                0x00000073       0x34 ./Core/Src/main.o
 .debug_rnglists
                0x000000a7       0x2d ./Core/Src/stm32f3xx_hal_msp.o
 .debug_rnglists
                0x000000d4       0x49 ./Core/Src/stm32f3xx_it.o
 .debug_rnglists
                0x0000011d       0x1a ./Core/Src/system_stm32f3xx.o
 .debug_rnglists
                0x00000137       0x31 ./Core/Src/timer.o
 .debug_rnglists
                0x00000168       0x19 ./Core/Startup/startup_stm32f303vctx.o
 .debug_rnglists
                0x00000181       0xa3 ./Drivers/STM32F3xx_HAL_Driver/Src/stm32f3xx_hal.o
 .debug_rnglists
                0x00000224       0xda ./Drivers/STM32F3xx_HAL_Driver/Src/stm32f3xx_hal_cortex.o
 .debug_rnglists
                0x000002fe       0x3f ./Drivers/STM32F3xx_HAL_Driver/Src/stm32f3xx_hal_gpio.o
 .debug_rnglists
                0x0000033d       0xf4 ./Drivers/STM32F3xx_HAL_Driver/Src/stm32f3xx_hal_pcd.o
 .debug_rnglists
                0x00000431       0x66 ./Drivers/STM32F3xx_HAL_Driver/Src/stm32f3xx_hal_rcc.o
 .debug_rnglists
                0x00000497       0x28 ./Drivers/STM32F3xx_HAL_Driver/Src/stm32f3xx_hal_rcc_ex.o
 .debug_rnglists
                0x000004bf       0x7d ./Drivers/STM32F3xx_HAL_Driver/Src/stm32f3xx_hal_tsc.o
 .debug_rnglists
                0x0000053c       0x99 ./Drivers/STM32F3xx_HAL_Driver/Src/stm32f3xx_ll_usb.o

.debug_macro    0x00000000    0x30821
 .debug_macro   0x00000000      0x1e5 ./Core/Src/digitalio.o
 .debug_macro   0x000001e5      0xad8 ./Core/Src/digitalio.o
 .debug_macro   0x00000cbd       0x22 ./Core/Src/digitalio.o
 .debug_macro   0x00000cdf       0x8e ./Core/Src/digitalio.o
 .debug_macro   0x00000d6d       0x51 ./Core/Src/digitalio.o
 .debug_macro   0x00000dbe      0x103 ./Core/Src/digitalio.o
 .debug_macro   0x00000ec1       0x6a ./Core/Src/digitalio.o
 .debug_macro   0x00000f2b      0x1df ./Core/Src/digitalio.o
 .debug_macro   0x0000110a       0x2a ./Core/Src/digitalio.o
 .debug_macro   0x00001134       0x61 ./Core/Src/digitalio.o
 .debug_macro   0x00001195       0x43 ./Core/Src/digitalio.o
 .debug_macro   0x000011d8       0x34 ./Core/Src/digitalio.o
 .debug_macro   0x0000120c       0x16 ./Core/Src/digitalio.o
 .debug_macro   0x00001222      0x11c ./Core/Src/digitalio.o
 .debug_macro   0x0000133e       0x9b ./Core/Src/digitalio.o
 .debug_macro   0x000013d9      0x370 ./Core/Src/digitalio.o
 .debug_macro   0x00001749       0x16 ./Core/Src/digitalio.o
 .debug_macro   0x0000175f       0x4a ./Core/Src/digitalio.o
 .debug_macro   0x000017a9       0x34 ./Core/Src/digitalio.o
 .debug_macro   0x000017dd       0x10 ./Core/Src/digitalio.o
 .debug_macro   0x000017ed       0x58 ./Core/Src/digitalio.o
 .debug_macro   0x00001845       0x8e ./Core/Src/digitalio.o
 .debug_macro   0x000018d3       0x1c ./Core/Src/digitalio.o
 .debug_macro   0x000018ef      0x185 ./Core/Src/digitalio.o
 .debug_macro   0x00001a74       0x16 ./Core/Src/digitalio.o
 .debug_macro   0x00001a8a       0x29 ./Core/Src/digitalio.o
 .debug_macro   0x00001ab3       0x1c ./Core/Src/digitalio.o
 .debug_macro   0x00001acf       0x3c ./Core/Src/digitalio.o
 .debug_macro   0x00001b0b       0x10 ./Core/Src/digitalio.o
 .debug_macro   0x00001b1b       0x1c ./Core/Src/digitalio.o
 .debug_macro   0x00001b37       0x16 ./Core/Src/digitalio.o
 .debug_macro   0x00001b4d      0x146 ./Core/Src/digitalio.o
 .debug_macro   0x00001c93       0x22 ./Core/Src/digitalio.o
 .debug_macro   0x00001cb5       0x28 ./Core/Src/digitalio.o
 .debug_macro   0x00001cdd       0x1c ./Core/Src/digitalio.o
 .debug_macro   0x00001cf9       0x22 ./Core/Src/digitalio.o
 .debug_macro   0x00001d1b       0xd9 ./Core/Src/digitalio.o
 .debug_macro   0x00001df4     0x102d ./Core/Src/digitalio.o
 .debug_macro   0x00002e21      0x11f ./Core/Src/digitalio.o
 .debug_macro   0x00002f40    0x12a3a ./Core/Src/digitalio.o
 .debug_macro   0x0001597a      0x354 ./Core/Src/game_logic.o
 .debug_macro   0x00015cce       0x16 ./Core/Src/game_logic.o
 .debug_macro   0x00015ce4       0x20 ./Core/Src/game_logic.o
 .debug_macro   0x00015d04      0x15e ./Core/Src/game_logic.o
 .debug_macro   0x00015e62       0x2e ./Core/Src/game_logic.o
 .debug_macro   0x00015e90       0x6d ./Core/Src/game_logic.o
 .debug_macro   0x00015efd     0x3574 ./Core/Src/game_logic.o
 .debug_macro   0x00019471       0x4f ./Core/Src/game_logic.o
 .debug_macro   0x000194c0      0x961 ./Core/Src/game_logic.o
 .debug_macro   0x00019e21      0x5fe ./Core/Src/game_logic.o
 .debug_macro   0x0001a41f      0x1b5 ./Core/Src/game_logic.o
 .debug_macro   0x0001a5d4      0x1fb ./Core/Src/game_logic.o
 .debug_macro   0x0001a7cf      0x1dc ./Core/Src/game_logic.o
 .debug_macro   0x0001a9ab      0x1bc ./Core/Src/game_logic.o
 .debug_macro   0x0001ab67       0x30 ./Core/Src/game_logic.o
 .debug_macro   0x0001ab97       0x3c ./Core/Src/game_logic.o
 .debug_macro   0x0001abd3      0x235 ./Core/Src/game_logic.o
 .debug_macro   0x0001ae08       0xc5 ./Core/Src/game_logic.o
 .debug_macro   0x0001aecd      0x21d ./Core/Src/game_logic.o
 .debug_macro   0x0001b0ea      0x22c ./Core/Src/game_logic.o
 .debug_macro   0x0001b316       0x5b ./Core/Src/game_logic.o
 .debug_macro   0x0001b371       0xa5 ./Core/Src/game_logic.o
 .debug_macro   0x0001b416       0x73 ./Core/Src/game_logic.o
 .debug_macro   0x0001b489      0x242 ./Core/Src/game_logic.o
 .debug_macro   0x0001b6cb       0x81 ./Core/Src/game_logic.o
 .debug_macro   0x0001b74c       0xd3 ./Core/Src/game_logic.o
 .debug_macro   0x0001b81f      0x3d7 ./Core/Src/game_logic.o
 .debug_macro   0x0001bbf6      0x275 ./Core/Src/game_logic.o
 .debug_macro   0x0001be6b      0x118 ./Core/Src/game_logic.o
 .debug_macro   0x0001bf83       0x4c ./Core/Src/game_logic.o
 .debug_macro   0x0001bfcf      0x3aa ./Core/Src/main.o
 .debug_macro   0x0001c379       0x28 ./Core/Src/main.o
 .debug_macro   0x0001c3a1    0x12a3a ./Core/Src/main.o
 .debug_macro   0x0002eddb      0x190 ./Core/Src/main.o
 .debug_macro   0x0002ef6b       0x55 ./Core/Src/main.o
 .debug_macro   0x0002efc0      0x1ec ./Core/Src/stm32f3xx_hal_msp.o
 .debug_macro   0x0002f1ac      0x1f6 ./Core/Src/stm32f3xx_it.o
 .debug_macro   0x0002f3a2      0x1dd ./Core/Src/system_stm32f3xx.o
 .debug_macro   0x0002f57f      0x35e ./Core/Src/timer.o
 .debug_macro   0x0002f8dd      0x201 ./Drivers/STM32F3xx_HAL_Driver/Src/stm32f3xx_hal.o
 .debug_macro   0x0002fade      0x1dd ./Drivers/STM32F3xx_HAL_Driver/Src/stm32f3xx_hal_cortex.o
 .debug_macro   0x0002fcbb      0x1e4 ./Drivers/STM32F3xx_HAL_Driver/Src/stm32f3xx_hal_gpio.o
 .debug_macro   0x0002fe9f      0x1e9 ./Drivers/STM32F3xx_HAL_Driver/Src/stm32f3xx_hal_pcd.o
 .debug_macro   0x00030088      0x201 ./Drivers/STM32F3xx_HAL_Driver/Src/stm32f3xx_hal_rcc.o
 .debug_macro   0x00030289      0x1dd ./Drivers/STM32F3xx_HAL_Driver/Src/stm32f3xx_hal_rcc_ex.o
 .debug_macro   0x00030466      0x1de ./Drivers/STM32F3xx_HAL_Driver/Src/stm32f3xx_hal_tsc.o
 .debug_macro   0x00030644      0x1dd ./Drivers/STM32F3xx_HAL_Driver/Src/stm32f3xx_ll_usb.o

.debug_line     0x00000000     0xb5aa
 .debug_line    0x00000000      0x6ea ./Core/Src/digitalio.o
 .debug_line    0x000006ea      0xc97 ./Core/Src/game_logic.o
 .debug_line    0x00001381      0xac0 ./Core/Src/main.o
 .debug_line    0x00001e41      0x845 ./Core/Src/stm32f3xx_hal_msp.o
 .debug_line    0x00002686      0x81a ./Core/Src/stm32f3xx_it.o
 .debug_line    0x00002ea0      0x7cc ./Core/Src/system_stm32f3xx.o
 .debug_line    0x0000366c      0xaa0 ./Core/Src/timer.o
 .debug_line    0x0000410c       0x7a ./Core/Startup/startup_stm32f303vctx.o
 .debug_line    0x00004186      0xa08 ./Drivers/STM32F3xx_HAL_Driver/Src/stm32f3xx_hal.o
 .debug_line    0x00004b8e      0xcd3 ./Drivers/STM32F3xx_HAL_Driver/Src/stm32f3xx_hal_cortex.o
 .debug_line    0x00005861      0xb53 ./Drivers/STM32F3xx_HAL_Driver/Src/stm32f3xx_hal_gpio.o
 .debug_line    0x000063b4     0x12c8 ./Drivers/STM32F3xx_HAL_Driver/Src/stm32f3xx_hal_pcd.o
 .debug_line    0x0000767c     0x1567 ./Drivers/STM32F3xx_HAL_Driver/Src/stm32f3xx_hal_rcc.o
 .debug_line    0x00008be3      0xda4 ./Drivers/STM32F3xx_HAL_Driver/Src/stm32f3xx_hal_rcc_ex.o
 .debug_line    0x00009987      0xb3a ./Drivers/STM32F3xx_HAL_Driver/Src/stm32f3xx_hal_tsc.o
 .debug_line    0x0000a4c1     0x10e9 ./Drivers/STM32F3xx_HAL_Driver/Src/stm32f3xx_ll_usb.o

.debug_str      0x00000000    0xaea68
 .debug_str     0x00000000    0xaea68 ./Core/Src/digitalio.o
                              0x7602f (size before relaxing)
 .debug_str     0x000aea68    0xad564 ./Core/Src/game_logic.o
 .debug_str     0x000aea68    0xada89 ./Core/Src/main.o
 .debug_str     0x000aea68    0xa96e4 ./Core/Src/stm32f3xx_hal_msp.o
 .debug_str     0x000aea68    0xa9399 ./Core/Src/stm32f3xx_it.o
 .debug_str     0x000aea68    0xa8d8c ./Core/Src/system_stm32f3xx.o
 .debug_str     0x000aea68    0xad069 ./Core/Src/timer.o
 .debug_str     0x000aea68       0xa8 ./Core/Startup/startup_stm32f303vctx.o
 .debug_str     0x000aea68    0xa95ca ./Drivers/STM32F3xx_HAL_Driver/Src/stm32f3xx_hal.o
 .debug_str     0x000aea68    0xa964e ./Drivers/STM32F3xx_HAL_Driver/Src/stm32f3xx_hal_cortex.o
 .debug_str     0x000aea68    0xa8ef9 ./Drivers/STM32F3xx_HAL_Driver/Src/stm32f3xx_hal_gpio.o
 .debug_str     0x000aea68    0xa95c1 ./Drivers/STM32F3xx_HAL_Driver/Src/stm32f3xx_hal_pcd.o
 .debug_str     0x000aea68    0xa922c ./Drivers/STM32F3xx_HAL_Driver/Src/stm32f3xx_hal_rcc.o
 .debug_str     0x000aea68    0xa8ff0 ./Drivers/STM32F3xx_HAL_Driver/Src/stm32f3xx_hal_rcc_ex.o
 .debug_str     0x000aea68    0xa913c ./Drivers/STM32F3xx_HAL_Driver/Src/stm32f3xx_hal_tsc.o
 .debug_str     0x000aea68    0xa9116 ./Drivers/STM32F3xx_HAL_Driver/Src/stm32f3xx_ll_usb.o

.comment        0x00000000       0x43
 .comment       0x00000000       0x43 ./Core/Src/digitalio.o
                                 0x44 (size before relaxing)
 .comment       0x00000043       0x44 ./Core/Src/game_logic.o
 .comment       0x00000043       0x44 ./Core/Src/main.o
 .comment       0x00000043       0x44 ./Core/Src/stm32f3xx_hal_msp.o
 .comment       0x00000043       0x44 ./Core/Src/stm32f3xx_it.o
 .comment       0x00000043       0x44 ./Core/Src/system_stm32f3xx.o
 .comment       0x00000043       0x44 ./Core/Src/timer.o
 .comment       0x00000043       0x44 ./Drivers/STM32F3xx_HAL_Driver/Src/stm32f3xx_hal.o
 .comment       0x00000043       0x44 ./Drivers/STM32F3xx_HAL_Driver/Src/stm32f3xx_hal_cortex.o
 .comment       0x00000043       0x44 ./Drivers/STM32F3xx_HAL_Driver/Src/stm32f3xx_hal_gpio.o
 .comment       0x00000043       0x44 ./Drivers/STM32F3xx_HAL_Driver/Src/stm32f3xx_hal_pcd.o
 .comment       0x00000043       0x44 ./Drivers/STM32F3xx_HAL_Driver/Src/stm32f3xx_hal_rcc.o
 .comment       0x00000043       0x44 ./Drivers/STM32F3xx_HAL_Driver/Src/stm32f3xx_hal_rcc_ex.o
 .comment       0x00000043       0x44 ./Drivers/STM32F3xx_HAL_Driver/Src/stm32f3xx_hal_tsc.o
 .comment       0x00000043       0x44 ./Drivers/STM32F3xx_HAL_Driver/Src/stm32f3xx_ll_usb.o

.debug_frame    0x00000000     0x1e5c
 .debug_frame   0x00000000       0xc8 ./Core/Src/digitalio.o
 .debug_frame   0x000000c8      0x158 ./Core/Src/game_logic.o
 .debug_frame   0x00000220       0xc8 ./Core/Src/main.o
 .debug_frame   0x000002e8       0xc4 ./Core/Src/stm32f3xx_hal_msp.o
 .debug_frame   0x000003ac      0x120 ./Core/Src/stm32f3xx_it.o
 .debug_frame   0x000004cc       0x58 ./Core/Src/system_stm32f3xx.o
 .debug_frame   0x00000524       0xdc ./Core/Src/timer.o
 .debug_frame   0x00000600      0x334 ./Drivers/STM32F3xx_HAL_Driver/Src/stm32f3xx_hal.o
 .debug_frame   0x00000934      0x4e8 ./Drivers/STM32F3xx_HAL_Driver/Src/stm32f3xx_hal_cortex.o
 .debug_frame   0x00000e1c      0x14c ./Drivers/STM32F3xx_HAL_Driver/Src/stm32f3xx_hal_gpio.o
 .debug_frame   0x00000f68      0x590 ./Drivers/STM32F3xx_HAL_Driver/Src/stm32f3xx_hal_pcd.o
 .debug_frame   0x000014f8      0x214 ./Drivers/STM32F3xx_HAL_Driver/Src/stm32f3xx_hal_rcc.o
 .debug_frame   0x0000170c       0xb0 ./Drivers/STM32F3xx_HAL_Driver/Src/stm32f3xx_hal_rcc_ex.o
 .debug_frame   0x000017bc      0x2d4 ./Drivers/STM32F3xx_HAL_Driver/Src/stm32f3xx_hal_tsc.o
 .debug_frame   0x00001a90      0x380 ./Drivers/STM32F3xx_HAL_Driver/Src/stm32f3xx_ll_usb.o
 .debug_frame   0x00001e10       0x20 C:/ST/STM32CubeIDE_1.17.0/STM32CubeIDE/plugins/com.st.stm32cube.ide.mcu.externaltools.gnu-tools-for-stm32.13.3.rel1.win32_1.0.0.202411081344/tools/bin/../lib/gcc/arm-none-eabi/13.3.1/../../../../arm-none-eabi/lib/thumb/v7e-m+fp/hard\libc_nano.a(libc_a-memset.o)
 .debug_frame   0x00001e30       0x2c C:/ST/STM32CubeIDE_1.17.0/STM32CubeIDE/plugins/com.st.stm32cube.ide.mcu.externaltools.gnu-tools-for-stm32.13.3.rel1.win32_1.0.0.202411081344/tools/bin/../lib/gcc/arm-none-eabi/13.3.1/../../../../arm-none-eabi/lib/thumb/v7e-m+fp/hard\libc_nano.a(libc_a-init.o)

.debug_line_str
                0x00000000       0x8c
 .debug_line_str
                0x00000000       0x8c ./Core/Startup/startup_stm32f303vctx.o
