../Core/Src/main.c:77:6:enable_clocks	4	static
../Core/Src/main.c:83:6:initialise_board	16	static
../Core/Src/main.c:107:6:HAL_TIM_IC_CaptureCallback	56	static
../Core/Src/main.c:139:6:read_and_print_lidar	112	static
../Core/Src/main.c:171:24:angle_to_pwm	16	static
../Core/Src/main.c:176:6:sweep_servo	16	static
../Core/Src/main.c:203:5:main	144	static
../Core/Src/main.c:396:6:SystemClock_Config	128	static
../Core/Src/main.c:447:13:MX_I2C1_Init	8	static
../Core/Src/main.c:495:13:MX_SPI1_Init	8	static
../Core/Src/main.c:535:13:MX_TIM1_Init	56	static
../Core/Src/main.c:595:13:MX_TIM2_Init	48	static
../Core/Src/main.c:648:13:MX_USB_PCD_Init	8	static
../Core/Src/main.c:679:13:MX_GPIO_Init	48	static
../Core/Src/main.c:730:6:Error_Handler	4	static,ignoring_inline_asm
